$ bin/build

$ npm ci --silent (cwd e2e)

$ npx playwright install chromium (cwd e2e)

$ npx playwright test --reporter=json --workers=1 --output=/home/daniel/ui-work/202610100208/gated-chain1/.run/pw-artifacts

Running 69 tests using 1 worker

[1A[2K[1/69] [chromium] › cp01_clients.spec.ts:7:7 › clients › lists seeded clients, excluding archived
[1A[2K[2/69] [chromium] › cp01_clients.spec.ts:21:7 › clients › creates a client with a unique email
[1A[2K[3/69] [chromium] › cp02_client_email_validation.spec.ts:7:7 › client email validation › rejects a blank email
[1A[2K[4/69] [chromium] › cp02_client_email_validation.spec.ts:20:7 › client email validation › rejects a malformed email
[1A[2K[5/69] [chromium] › cp02_client_email_validation.spec.ts:33:7 › client email validation › accepts a valid email
[1A[2K[6/69] [chromium] › cp03_projects.spec.ts:7:7 › projects › lists projects with their client name, excluding archived
[1A[2K[7/69] [chromium] › cp03_projects.spec.ts:25:7 › projects › creates a project for a client
[1A[2K[8/69] [chromium] › cp04_project_invoices.spec.ts:8:7 › project invoices › a project shows its invoices and their total
[1A[2K[9/69] [chromium] › cp04_project_invoices.spec.ts:27:7 › project invoices › adding a line item to a new invoice sets its amount
[1A[2K[10/69] [chromium] › cp05_invoice_pay_audit.spec.ts:8:7 › invoice payment › recording a full payment marks the invoice paid
[1A[2K[11/69] [chromium] › cp06_client_search.spec.ts:6:7 › client search › filters clients by name and skips archived matches
[1A[2K[12/69] [chromium] › cp07_client_detail_projects.spec.ts:7:7 › client detail › lists the client's active projects by default
[1A[2K[13/69] [chromium] › cp08_dashboard.spec.ts:7:7 › dashboard › shows counts and the outstanding total
[1A[2K[14/69] [chromium] › cp09_currency_format.spec.ts:6:7 › currency formatting › invoice amounts and totals show commas
[1A[2K[15/69] [chromium] › cp10_invoice_amount_positive.spec.ts:7:7 › invoice amount validation › rejects a non-positive amount
[1A[2K[16/69] [chromium] › cp10_invoice_amount_positive.spec.ts:24:7 › invoice amount validation › accepts a positive amount
[1A[2K[17/69] [chromium] › cp11_invoice_dates.spec.ts:6:7 › invoice dates › an invoice shows its issue and due dates
Segmentation fault (core dumped)
