$ bin/build

$ npm ci --silent (cwd e2e)

$ npx playwright install chromium (cwd e2e)

$ npx playwright test --reporter=json --workers=1 --output=/home/daniel/ui-work/202610100208/gated-chain1/.run/pw-artifacts

Running 82 tests using 1 worker

[1A[2K[1/82] [chromium] › cp01_clients.spec.ts:7:7 › clients › lists seeded clients, excluding archived
[1A[2K[2/82] [chromium] › cp01_clients.spec.ts:21:7 › clients › creates a client with a unique email
[1A[2K[3/82] [chromium] › cp02_client_email_validation.spec.ts:7:7 › client email validation › rejects a blank email
[1A[2K[4/82] [chromium] › cp02_client_email_validation.spec.ts:20:7 › client email validation › rejects a malformed email
[1A[2K[5/82] [chromium] › cp02_client_email_validation.spec.ts:33:7 › client email validation › accepts a valid email
[1A[2K[6/82] [chromium] › cp03_projects.spec.ts:7:7 › projects › lists projects with their client name, excluding archived
[1A[2K[7/82] [chromium] › cp03_projects.spec.ts:25:7 › projects › creates a project for a client
[1A[2K[8/82] [chromium] › cp04_project_invoices.spec.ts:8:7 › project invoices › a project shows its invoices and their total
[1A[2K[9/82] [chromium] › cp04_project_invoices.spec.ts:27:7 › project invoices › adding a line item to a new invoice sets its amount
[1A[2K[10/82] [chromium] › cp05_invoice_pay_audit.spec.ts:8:7 › invoice payment › recording a full payment marks the invoice paid
[1A[2K[11/82] [chromium] › cp06_client_search.spec.ts:6:7 › client search › filters clients by name and skips archived matches
[1A[2K[12/82] [chromium] › cp07_client_detail_projects.spec.ts:7:7 › client detail › lists the client's active projects by default
[1A[2K[13/82] [chromium] › cp08_dashboard.spec.ts:7:7 › dashboard › shows counts and per-currency outstanding totals
[1A[2K[14/82] [chromium] › cp09_currency_format.spec.ts:6:7 › currency formatting › invoice amounts and totals show commas
[1A[2K[15/82] [chromium] › cp10_invoice_amount_positive.spec.ts:7:7 › invoice amount validation › rejects a non-positive amount
[1A[2K[16/82] [chromium] › cp10_invoice_amount_positive.spec.ts:24:7 › invoice amount validation › accepts a positive amount
[1A[2K[17/82] [chromium] › cp11_invoice_dates.spec.ts:6:7 › invoice dates › an invoice shows its issue and due dates
[1A[2K[18/82] [chromium] › cp12_invoice_sort_due.spec.ts:6:7 › sort invoices by due date › sorts the invoices earliest due first
[1A[2K[19/82] [chromium] › cp13_invoice_lifecycle.spec.ts:8:7 › invoice lifecycle › sending a draft invoice moves it to sent and records it
[1A[2K[20/82] [chromium] › cp13_invoice_lifecycle.spec.ts:24:7 › invoice lifecycle › a sent invoice becomes paid once a covering payment is recorded
[1A[2K  1) [chromium] › cp13_invoice_lifecycle.spec.ts:24:7 › invoice lifecycle › a sent invoice becomes paid once a covering payment is recorded 

    [31mTest timeout of 30000ms exceeded.[39m

    Error: locator.click: Test timeout of 30000ms exceeded.
    Call log:
      [2m- waiting for getByTestId('invoice-open-1')[22m


      31 |     await page.getByTestId('nav-projects').click();
      32 |     await page.getByTestId('project-open-1').click();
    > 33 |     await page.getByTestId('invoice-open-1').click();
         |                                              ^
      34 |
      35 |     await page.getByTestId('payment-form-amount').fill('100');
      36 |     await page.getByTestId('payment-form-date').fill('2026-02-01');

        at /home/daniel/ui-work/202610100208/gated-chain1/e2e/specs/cp13_invoice_lifecycle.spec.ts:33:46


[1A[2K[21/82] [chromium] › cp14_all_invoices.spec.ts:6:7 › all invoices › lists invoices from every project with project and status
[1A[2K  2) [chromium] › cp14_all_invoices.spec.ts:6:7 › all invoices › lists invoices from every project with project and status 

    Error: apiRequestContext.post: connect ECONNREFUSED 127.0.0.1:3000
    Call log:
      [2m- → POST http://localhost:3000/__test__/reset[22m
    [2m  -   user-agent: Mozilla/5.0 (Windows NT 10.0; Win64; x64) AppleWebKit/537.36 (KHTML, like Gecko) Chrome/130.0.6723.31 Safari/537.36[22m
    [2m  -   accept: */*[22m
    [2m  -   accept-encoding: gzip,deflate,br[22m


       at ../support/seed.ts:25

      23 |   const api = await request.newContext({ baseURL: BASE });
      24 |   try {
    > 25 |     await must(api.post('/__test__/reset'), 'POST /__test__/reset');
         |                    ^
      26 |     await must(api.post('/__test__/seed', { data: fixture }), 'POST /__test__/seed');
      27 |   } finally {
      28 |     await api.dispose();

        at resetAndSeed (/home/daniel/ui-work/202610100208/gated-chain1/e2e/support/seed.ts:25:20)
        at /home/daniel/ui-work/202610100208/gated-chain1/e2e/specs/cp14_all_invoices.spec.ts:7:5


[1A[2K[22/82] [chromium] › cp15_invoice_status_filter.spec.ts:6:7 › filter invoices by status › shows only invoices at the chosen stage
[1A[2K  3) [chromium] › cp15_invoice_status_filter.spec.ts:6:7 › filter invoices by status › shows only invoices at the chosen stage 

    Error: apiRequestContext.post: connect ECONNREFUSED 127.0.0.1:3000
    Call log:
      [2m- → POST http://localhost:3000/__test__/reset[22m
    [2m  -   user-agent: Mozilla/5.0 (Windows NT 10.0; Win64; x64) AppleWebKit/537.36 (KHTML, like Gecko) Chrome/130.0.6723.31 Safari/537.36[22m
    [2m  -   accept: */*[22m
    [2m  -   accept-encoding: gzip,deflate,br[22m


       at ../support/seed.ts:25

      23 |   const api = await request.newContext({ baseURL: BASE });
      24 |   try {
    > 25 |     await must(api.post('/__test__/reset'), 'POST /__test__/reset');
         |                    ^
      26 |     await must(api.post('/__test__/seed', { data: fixture }), 'POST /__test__/seed');
      27 |   } finally {
      28 |     await api.dispose();

        at resetAndSeed (/home/daniel/ui-work/202610100208/gated-chain1/e2e/support/seed.ts:25:20)
        at /home/daniel/ui-work/202610100208/gated-chain1/e2e/specs/cp15_invoice_status_filter.spec.ts:7:5


[1A[2K[23/82] [chromium] › cp16_client_contacts.spec.ts:6:7 › client contacts › lists a client's contacts
[1A[2K  4) [chromium] › cp16_client_contacts.spec.ts:6:7 › client contacts › lists a client's contacts ───

    Error: apiRequestContext.post: connect ECONNREFUSED 127.0.0.1:3000
    Call log:
      [2m- → POST http://localhost:3000/__test__/reset[22m
    [2m  -   user-agent: Mozilla/5.0 (Windows NT 10.0; Win64; x64) AppleWebKit/537.36 (KHTML, like Gecko) Chrome/130.0.6723.31 Safari/537.36[22m
    [2m  -   accept: */*[22m
    [2m  -   accept-encoding: gzip,deflate,br[22m


       at ../support/seed.ts:25

      23 |   const api = await request.newContext({ baseURL: BASE });
      24 |   try {
    > 25 |     await must(api.post('/__test__/reset'), 'POST /__test__/reset');
         |                    ^
      26 |     await must(api.post('/__test__/seed', { data: fixture }), 'POST /__test__/seed');
      27 |   } finally {
      28 |     await api.dispose();

        at resetAndSeed (/home/daniel/ui-work/202610100208/gated-chain1/e2e/support/seed.ts:25:20)
        at /home/daniel/ui-work/202610100208/gated-chain1/e2e/specs/cp16_client_contacts.spec.ts:7:5


[1A[2K[24/82] [chromium] › cp16_client_contacts.spec.ts:31:7 › client contacts › adds a contact to a client
[1A[2K  5) [chromium] › cp16_client_contacts.spec.ts:31:7 › client contacts › adds a contact to a client ─

    Error: apiRequestContext.post: connect ECONNREFUSED 127.0.0.1:3000
    Call log:
      [2m- → POST http://localhost:3000/__test__/reset[22m
    [2m  -   user-agent: Mozilla/5.0 (Windows NT 10.0; Win64; x64) AppleWebKit/537.36 (KHTML, like Gecko) Chrome/130.0.6723.31 Safari/537.36[22m
    [2m  -   accept: */*[22m
    [2m  -   accept-encoding: gzip,deflate,br[22m


       at ../support/seed.ts:25

      23 |   const api = await request.newContext({ baseURL: BASE });
      24 |   try {
    > 25 |     await must(api.post('/__test__/reset'), 'POST /__test__/reset');
         |                    ^
      26 |     await must(api.post('/__test__/seed', { data: fixture }), 'POST /__test__/seed');
      27 |   } finally {
      28 |     await api.dispose();

        at resetAndSeed (/home/daniel/ui-work/202610100208/gated-chain1/e2e/support/seed.ts:25:20)
        at /home/daniel/ui-work/202610100208/gated-chain1/e2e/specs/cp16_client_contacts.spec.ts:32:5


[1A[2K[25/82] [chromium] › cp17_outstanding_sent_only.spec.ts:7:7 › outstanding counts sent invoices only › outstanding is discounted, excludes drafts, and is per currency
[1A[2K  6) [chromium] › cp17_outstanding_sent_only.spec.ts:7:7 › outstanding counts sent invoices only › outstanding is discounted, excludes drafts, and is per currency 

    Error: apiRequestContext.post: connect ECONNREFUSED 127.0.0.1:3000
    Call log:
      [2m- → POST http://localhost:3000/__test__/reset[22m
    [2m  -   user-agent: Mozilla/5.0 (Windows NT 10.0; Win64; x64) AppleWebKit/537.36 (KHTML, like Gecko) Chrome/130.0.6723.31 Safari/537.36[22m
    [2m  -   accept: */*[22m
    [2m  -   accept-encoding: gzip,deflate,br[22m


       at ../support/seed.ts:25

      23 |   const api = await request.newContext({ baseURL: BASE });
      24 |   try {
    > 25 |     await must(api.post('/__test__/reset'), 'POST /__test__/reset');
         |                    ^
      26 |     await must(api.post('/__test__/seed', { data: fixture }), 'POST /__test__/seed');
      27 |   } finally {
      28 |     await api.dispose();

        at resetAndSeed (/home/daniel/ui-work/202610100208/gated-chain1/e2e/support/seed.ts:25:20)
        at /home/daniel/ui-work/202610100208/gated-chain1/e2e/specs/cp17_outstanding_sent_only.spec.ts:8:5


[1A[2K[26/82] [chromium] › cp18_contact_email_validation.spec.ts:6:7 › contact email validation › rejects a bad contact email
[1A[2K  7) [chromium] › cp18_contact_email_validation.spec.ts:6:7 › contact email validation › rejects a bad contact email 

    Error: apiRequestContext.post: connect ECONNREFUSED 127.0.0.1:3000
    Call log:
      [2m- → POST http://localhost:3000/__test__/reset[22m
    [2m  -   user-agent: Mozilla/5.0 (Windows NT 10.0; Win64; x64) AppleWebKit/537.36 (KHTML, like Gecko) Chrome/130.0.6723.31 Safari/537.36[22m
    [2m  -   accept: */*[22m
    [2m  -   accept-encoding: gzip,deflate,br[22m


       at ../support/seed.ts:25

      23 |   const api = await request.newContext({ baseURL: BASE });
      24 |   try {
    > 25 |     await must(api.post('/__test__/reset'), 'POST /__test__/reset');
         |                    ^
      26 |     await must(api.post('/__test__/seed', { data: fixture }), 'POST /__test__/seed');
      27 |   } finally {
      28 |     await api.dispose();

        at resetAndSeed (/home/daniel/ui-work/202610100208/gated-chain1/e2e/support/seed.ts:25:20)
        at /home/daniel/ui-work/202610100208/gated-chain1/e2e/specs/cp18_contact_email_validation.spec.ts:7:5


[1A[2K[27/82] [chromium] › cp19_client_badges.spec.ts:6:7 › client badges › shows project and contact counts
[1A[2K  8) [chromium] › cp19_client_badges.spec.ts:6:7 › client badges › shows project and contact counts 

    Error: apiRequestContext.post: connect ECONNREFUSED 127.0.0.1:3000
    Call log:
      [2m- → POST http://localhost:3000/__test__/reset[22m
    [2m  -   user-agent: Mozilla/5.0 (Windows NT 10.0; Win64; x64) AppleWebKit/537.36 (KHTML, like Gecko) Chrome/130.0.6723.31 Safari/537.36[22m
    [2m  -   accept: */*[22m
    [2m  -   accept-encoding: gzip,deflate,br[22m


       at ../support/seed.ts:25

      23 |   const api = await request.newContext({ baseURL: BASE });
      24 |   try {
    > 25 |     await must(api.post('/__test__/reset'), 'POST /__test__/reset');
         |                    ^
      26 |     await must(api.post('/__test__/seed', { data: fixture }), 'POST /__test__/seed');
      27 |   } finally {
      28 |     await api.dispose();

        at resetAndSeed (/home/daniel/ui-work/202610100208/gated-chain1/e2e/support/seed.ts:25:20)
        at /home/daniel/ui-work/202610100208/gated-chain1/e2e/specs/cp19_client_badges.spec.ts:7:5


[1A[2K[28/82] [chromium] › cp20_project_tasks.spec.ts:7:7 › project tasks › lists tasks and lets me tick one off
[1A[2K  9) [chromium] › cp20_project_tasks.spec.ts:7:7 › project tasks › lists tasks and lets me tick one off 

    Error: apiRequestContext.post: connect ECONNREFUSED 127.0.0.1:3000
    Call log:
      [2m- → POST http://localhost:3000/__test__/reset[22m
    [2m  -   user-agent: Mozilla/5.0 (Windows NT 10.0; Win64; x64) AppleWebKit/537.36 (KHTML, like Gecko) Chrome/130.0.6723.31 Safari/537.36[22m
    [2m  -   accept: */*[22m
    [2m  -   accept-encoding: gzip,deflate,br[22m


       at ../support/seed.ts:25

      23 |   const api = await request.newContext({ baseURL: BASE });
      24 |   try {
    > 25 |     await must(api.post('/__test__/reset'), 'POST /__test__/reset');
         |                    ^
      26 |     await must(api.post('/__test__/seed', { data: fixture }), 'POST /__test__/seed');
      27 |   } finally {
      28 |     await api.dispose();

        at resetAndSeed (/home/daniel/ui-work/202610100208/gated-chain1/e2e/support/seed.ts:25:20)
        at /home/daniel/ui-work/202610100208/gated-chain1/e2e/specs/cp20_project_tasks.spec.ts:8:5


[1A[2K[29/82] [chromium] › cp21_invoice_line_items.spec.ts:6:7 › invoice line items › invoice amount includes tax on the line-item total
[1A[2K  10) [chromium] › cp21_invoice_line_items.spec.ts:6:7 › invoice line items › invoice amount includes tax on the line-item total 

    Error: apiRequestContext.post: connect ECONNREFUSED 127.0.0.1:3000
    Call log:
      [2m- → POST http://localhost:3000/__test__/reset[22m
    [2m  -   user-agent: Mozilla/5.0 (Windows NT 10.0; Win64; x64) AppleWebKit/537.36 (KHTML, like Gecko) Chrome/130.0.6723.31 Safari/537.36[22m
    [2m  -   accept: */*[22m
    [2m  -   accept-encoding: gzip,deflate,br[22m


       at ../support/seed.ts:25

      23 |   const api = await request.newContext({ baseURL: BASE });
      24 |   try {
    > 25 |     await must(api.post('/__test__/reset'), 'POST /__test__/reset');
         |                    ^
      26 |     await must(api.post('/__test__/seed', { data: fixture }), 'POST /__test__/seed');
      27 |   } finally {
      28 |     await api.dispose();

        at resetAndSeed (/home/daniel/ui-work/202610100208/gated-chain1/e2e/support/seed.ts:25:20)
        at /home/daniel/ui-work/202610100208/gated-chain1/e2e/specs/cp21_invoice_line_items.spec.ts:7:5


[1A[2K[30/82] [chromium] › cp22_line_items_edit.spec.ts:6:7 › edit line items › removing a line item lowers the total
[1A[2K  11) [chromium] › cp22_line_items_edit.spec.ts:6:7 › edit line items › removing a line item lowers the total 

    Error: apiRequestContext.post: connect ECONNREFUSED 127.0.0.1:3000
    Call log:
      [2m- → POST http://localhost:3000/__test__/reset[22m
    [2m  -   user-agent: Mozilla/5.0 (Windows NT 10.0; Win64; x64) AppleWebKit/537.36 (KHTML, like Gecko) Chrome/130.0.6723.31 Safari/537.36[22m
    [2m  -   accept: */*[22m
    [2m  -   accept-encoding: gzip,deflate,br[22m


       at ../support/seed.ts:25

      23 |   const api = await request.newContext({ baseURL: BASE });
      24 |   try {
    > 25 |     await must(api.post('/__test__/reset'), 'POST /__test__/reset');
         |                    ^
      26 |     await must(api.post('/__test__/seed', { data: fixture }), 'POST /__test__/seed');
      27 |   } finally {
      28 |     await api.dispose();

        at resetAndSeed (/home/daniel/ui-work/202610100208/gated-chain1/e2e/support/seed.ts:25:20)
        at /home/daniel/ui-work/202610100208/gated-chain1/e2e/specs/cp22_line_items_edit.spec.ts:7:5


[1A[2K[31/82] [chromium] › cp23_task_filter.spec.ts:6:7 › filter tasks › shows only open or only done tasks
[1A[2K  12) [chromium] › cp23_task_filter.spec.ts:6:7 › filter tasks › shows only open or only done tasks 

    Error: apiRequestContext.post: connect ECONNREFUSED 127.0.0.1:3000
    Call log:
      [2m- → POST http://localhost:3000/__test__/reset[22m
    [2m  -   user-agent: Mozilla/5.0 (Windows NT 10.0; Win64; x64) AppleWebKit/537.36 (KHTML, like Gecko) Chrome/130.0.6723.31 Safari/537.36[22m
    [2m  -   accept: */*[22m
    [2m  -   accept-encoding: gzip,deflate,br[22m


       at ../support/seed.ts:25

      23 |   const api = await request.newContext({ baseURL: BASE });
      24 |   try {
    > 25 |     await must(api.post('/__test__/reset'), 'POST /__test__/reset');
         |                    ^
      26 |     await must(api.post('/__test__/seed', { data: fixture }), 'POST /__test__/seed');
      27 |   } finally {
      28 |     await api.dispose();

        at resetAndSeed (/home/daniel/ui-work/202610100208/gated-chain1/e2e/support/seed.ts:25:20)
        at /home/daniel/ui-work/202610100208/gated-chain1/e2e/specs/cp23_task_filter.spec.ts:7:5


[1A[2K[32/82] [chromium] › cp24_project_delete_audit.spec.ts:8:7 › remove a project › removing archives the project and records it
[1A[2K  13) [chromium] › cp24_project_delete_audit.spec.ts:8:7 › remove a project › removing archives the project and records it 

    Error: apiRequestContext.post: connect ECONNREFUSED 127.0.0.1:3000
    Call log:
      [2m- → POST http://localhost:3000/__test__/reset[22m
    [2m  -   user-agent: Mozilla/5.0 (Windows NT 10.0; Win64; x64) AppleWebKit/537.36 (KHTML, like Gecko) Chrome/130.0.6723.31 Safari/537.36[22m
    [2m  -   accept: */*[22m
    [2m  -   accept-encoding: gzip,deflate,br[22m


       at ../support/seed.ts:25

      23 |   const api = await request.newContext({ baseURL: BASE });
      24 |   try {
    > 25 |     await must(api.post('/__test__/reset'), 'POST /__test__/reset');
         |                    ^
      26 |     await must(api.post('/__test__/seed', { data: fixture }), 'POST /__test__/seed');
      27 |   } finally {
      28 |     await api.dispose();

        at resetAndSeed (/home/daniel/ui-work/202610100208/gated-chain1/e2e/support/seed.ts:25:20)
        at /home/daniel/ui-work/202610100208/gated-chain1/e2e/specs/cp24_project_delete_audit.spec.ts:9:5


[1A[2K[33/82] [chromium] › cp25_project_archive.spec.ts:8:7 › archive a project › archiving hides the project but keeps it
[1A[2K  14) [chromium] › cp25_project_archive.spec.ts:8:7 › archive a project › archiving hides the project but keeps it 

    Error: apiRequestContext.post: connect ECONNREFUSED 127.0.0.1:3000
    Call log:
      [2m- → POST http://localhost:3000/__test__/reset[22m
    [2m  -   user-agent: Mozilla/5.0 (Windows NT 10.0; Win64; x64) AppleWebKit/537.36 (KHTML, like Gecko) Chrome/130.0.6723.31 Safari/537.36[22m
    [2m  -   accept: */*[22m
    [2m  -   accept-encoding: gzip,deflate,br[22m


       at ../support/seed.ts:25

      23 |   const api = await request.newContext({ baseURL: BASE });
      24 |   try {
    > 25 |     await must(api.post('/__test__/reset'), 'POST /__test__/reset');
         |                    ^
      26 |     await must(api.post('/__test__/seed', { data: fixture }), 'POST /__test__/seed');
      27 |   } finally {
      28 |     await api.dispose();

        at resetAndSeed (/home/daniel/ui-work/202610100208/gated-chain1/e2e/support/seed.ts:25:20)
        at /home/daniel/ui-work/202610100208/gated-chain1/e2e/specs/cp25_project_archive.spec.ts:9:5


[1A[2K[34/82] [chromium] › cp26_project_tags.spec.ts:8:7 › project tags › shows, adds and removes tags on a project
[1A[2K  15) [chromium] › cp26_project_tags.spec.ts:8:7 › project tags › shows, adds and removes tags on a project 

    Error: apiRequestContext.post: connect ECONNREFUSED 127.0.0.1:3000
    Call log:
      [2m- → POST http://localhost:3000/__test__/reset[22m
    [2m  -   user-agent: Mozilla/5.0 (Windows NT 10.0; Win64; x64) AppleWebKit/537.36 (KHTML, like Gecko) Chrome/130.0.6723.31 Safari/537.36[22m
    [2m  -   accept: */*[22m
    [2m  -   accept-encoding: gzip,deflate,br[22m


       at ../support/seed.ts:25

      23 |   const api = await request.newContext({ baseURL: BASE });
      24 |   try {
    > 25 |     await must(api.post('/__test__/reset'), 'POST /__test__/reset');
         |                    ^
      26 |     await must(api.post('/__test__/seed', { data: fixture }), 'POST /__test__/seed');
      27 |   } finally {
      28 |     await api.dispose();

        at resetAndSeed (/home/daniel/ui-work/202610100208/gated-chain1/e2e/support/seed.ts:25:20)
        at /home/daniel/ui-work/202610100208/gated-chain1/e2e/specs/cp26_project_tags.spec.ts:9:5


[1A[2K[35/82] [chromium] › cp27_project_tag_filter.spec.ts:6:7 › filter projects by tag › shows only projects with the chosen tag
[1A[2K  16) [chromium] › cp27_project_tag_filter.spec.ts:6:7 › filter projects by tag › shows only projects with the chosen tag 

    Error: apiRequestContext.post: connect ECONNREFUSED 127.0.0.1:3000
    Call log:
      [2m- → POST http://localhost:3000/__test__/reset[22m
    [2m  -   user-agent: Mozilla/5.0 (Windows NT 10.0; Win64; x64) AppleWebKit/537.36 (KHTML, like Gecko) Chrome/130.0.6723.31 Safari/537.36[22m
    [2m  -   accept: */*[22m
    [2m  -   accept-encoding: gzip,deflate,br[22m


       at ../support/seed.ts:25

      23 |   const api = await request.newContext({ baseURL: BASE });
      24 |   try {
    > 25 |     await must(api.post('/__test__/reset'), 'POST /__test__/reset');
         |                    ^
      26 |     await must(api.post('/__test__/seed', { data: fixture }), 'POST /__test__/seed');
      27 |   } finally {
      28 |     await api.dispose();

        at resetAndSeed (/home/daniel/ui-work/202610100208/gated-chain1/e2e/support/seed.ts:25:20)
        at /home/daniel/ui-work/202610100208/gated-chain1/e2e/specs/cp27_project_tag_filter.spec.ts:7:5


[1A[2K[36/82] [chromium] › cp28_project_notes.spec.ts:6:7 › project notes › shows notes newest first and adds a new one on top
[1A[2K  17) [chromium] › cp28_project_notes.spec.ts:6:7 › project notes › shows notes newest first and adds a new one on top 

    Error: apiRequestContext.post: connect ECONNREFUSED 127.0.0.1:3000
    Call log:
      [2m- → POST http://localhost:3000/__test__/reset[22m
    [2m  -   user-agent: Mozilla/5.0 (Windows NT 10.0; Win64; x64) AppleWebKit/537.36 (KHTML, like Gecko) Chrome/130.0.6723.31 Safari/537.36[22m
    [2m  -   accept: */*[22m
    [2m  -   accept-encoding: gzip,deflate,br[22m


       at ../support/seed.ts:25

      23 |   const api = await request.newContext({ baseURL: BASE });
      24 |   try {
    > 25 |     await must(api.post('/__test__/reset'), 'POST /__test__/reset');
         |                    ^
      26 |     await must(api.post('/__test__/seed', { data: fixture }), 'POST /__test__/seed');
      27 |   } finally {
      28 |     await api.dispose();

        at resetAndSeed (/home/daniel/ui-work/202610100208/gated-chain1/e2e/support/seed.ts:25:20)
        at /home/daniel/ui-work/202610100208/gated-chain1/e2e/specs/cp28_project_notes.spec.ts:7:5


[1A[2K[37/82] [chromium] › cp29_client_archive.spec.ts:8:7 › archive a client › archiving hides the client but keeps it
[1A[2K  18) [chromium] › cp29_client_archive.spec.ts:8:7 › archive a client › archiving hides the client but keeps it 

    Error: apiRequestContext.post: connect ECONNREFUSED 127.0.0.1:3000
    Call log:
      [2m- → POST http://localhost:3000/__test__/reset[22m
    [2m  -   user-agent: Mozilla/5.0 (Windows NT 10.0; Win64; x64) AppleWebKit/537.36 (KHTML, like Gecko) Chrome/130.0.6723.31 Safari/537.36[22m
    [2m  -   accept: */*[22m
    [2m  -   accept-encoding: gzip,deflate,br[22m


       at ../support/seed.ts:25

      23 |   const api = await request.newContext({ baseURL: BASE });
      24 |   try {
    > 25 |     await must(api.post('/__test__/reset'), 'POST /__test__/reset');
         |                    ^
      26 |     await must(api.post('/__test__/seed', { data: fixture }), 'POST /__test__/seed');
      27 |   } finally {
      28 |     await api.dispose();

        at resetAndSeed (/home/daniel/ui-work/202610100208/gated-chain1/e2e/support/seed.ts:25:20)
        at /home/daniel/ui-work/202610100208/gated-chain1/e2e/specs/cp29_client_archive.spec.ts:9:5


[1A[2K[38/82] [chromium] › cp30_invoice_payments.spec.ts:8:7 › invoice payments › shows and records payments on an invoice
[1A[2K  19) [chromium] › cp30_invoice_payments.spec.ts:8:7 › invoice payments › shows and records payments on an invoice 

    Error: apiRequestContext.post: connect ECONNREFUSED 127.0.0.1:3000
    Call log:
      [2m- → POST http://localhost:3000/__test__/reset[22m
    [2m  -   user-agent: Mozilla/5.0 (Windows NT 10.0; Win64; x64) AppleWebKit/537.36 (KHTML, like Gecko) Chrome/130.0.6723.31 Safari/537.36[22m
    [2m  -   accept: */*[22m
    [2m  -   accept-encoding: gzip,deflate,br[22m


       at ../support/seed.ts:25

      23 |   const api = await request.newContext({ baseURL: BASE });
      24 |   try {
    > 25 |     await must(api.post('/__test__/reset'), 'POST /__test__/reset');
         |                    ^
      26 |     await must(api.post('/__test__/seed', { data: fixture }), 'POST /__test__/seed');
      27 |   } finally {
      28 |     await api.dispose();

        at resetAndSeed (/home/daniel/ui-work/202610100208/gated-chain1/e2e/support/seed.ts:25:20)
        at /home/daniel/ui-work/202610100208/gated-chain1/e2e/specs/cp30_invoice_payments.spec.ts:9:5


[1A[2K[39/82] [chromium] › cp31_invoice_amount_due.spec.ts:7:7 › invoice amount due › amount due uses the discounted total
[1A[2K  20) [chromium] › cp31_invoice_amount_due.spec.ts:7:7 › invoice amount due › amount due uses the discounted total 

    Error: apiRequestContext.post: connect ECONNREFUSED 127.0.0.1:3000
    Call log:
      [2m- → POST http://localhost:3000/__test__/reset[22m
    [2m  -   user-agent: Mozilla/5.0 (Windows NT 10.0; Win64; x64) AppleWebKit/537.36 (KHTML, like Gecko) Chrome/130.0.6723.31 Safari/537.36[22m
    [2m  -   accept: */*[22m
    [2m  -   accept-encoding: gzip,deflate,br[22m


       at ../support/seed.ts:25

      23 |   const api = await request.newContext({ baseURL: BASE });
      24 |   try {
    > 25 |     await must(api.post('/__test__/reset'), 'POST /__test__/reset');
         |                    ^
      26 |     await must(api.post('/__test__/seed', { data: fixture }), 'POST /__test__/seed');
      27 |   } finally {
      28 |     await api.dispose();

        at resetAndSeed (/home/daniel/ui-work/202610100208/gated-chain1/e2e/support/seed.ts:25:20)
        at /home/daniel/ui-work/202610100208/gated-chain1/e2e/specs/cp31_invoice_amount_due.spec.ts:8:5


[1A[2K[40/82] [chromium] › cp32_invoice_status_derived.spec.ts:9:7 › derived invoice status › a part payment then full payment drive the status
[1A[2K  21) [chromium] › cp32_invoice_status_derived.spec.ts:9:7 › derived invoice status › a part payment then full payment drive the status 

    Error: apiRequestContext.post: connect ECONNREFUSED 127.0.0.1:3000
    Call log:
      [2m- → POST http://localhost:3000/__test__/reset[22m
    [2m  -   user-agent: Mozilla/5.0 (Windows NT 10.0; Win64; x64) AppleWebKit/537.36 (KHTML, like Gecko) Chrome/130.0.6723.31 Safari/537.36[22m
    [2m  -   accept: */*[22m
    [2m  -   accept-encoding: gzip,deflate,br[22m


       at ../support/seed.ts:25

      23 |   const api = await request.newContext({ baseURL: BASE });
      24 |   try {
    > 25 |     await must(api.post('/__test__/reset'), 'POST /__test__/reset');
         |                    ^
      26 |     await must(api.post('/__test__/seed', { data: fixture }), 'POST /__test__/seed');
      27 |   } finally {
      28 |     await api.dispose();

        at resetAndSeed (/home/daniel/ui-work/202610100208/gated-chain1/e2e/support/seed.ts:25:20)
        at /home/daniel/ui-work/202610100208/gated-chain1/e2e/specs/cp32_invoice_status_derived.spec.ts:10:5


[1A[2K[41/82] [chromium] › cp33_client_statement.spec.ts:7:7 › client statement › the total owed uses discounted amounts in the client currency
[1A[2K  22) [chromium] › cp33_client_statement.spec.ts:7:7 › client statement › the total owed uses discounted amounts in the client currency 

    Error: apiRequestContext.post: connect ECONNREFUSED 127.0.0.1:3000
    Call log:
      [2m- → POST http://localhost:3000/__test__/reset[22m
    [2m  -   user-agent: Mozilla/5.0 (Windows NT 10.0; Win64; x64) AppleWebKit/537.36 (KHTML, like Gecko) Chrome/130.0.6723.31 Safari/537.36[22m
    [2m  -   accept: */*[22m
    [2m  -   accept-encoding: gzip,deflate,br[22m


       at ../support/seed.ts:25

      23 |   const api = await request.newContext({ baseURL: BASE });
      24 |   try {
    > 25 |     await must(api.post('/__test__/reset'), 'POST /__test__/reset');
         |                    ^
      26 |     await must(api.post('/__test__/seed', { data: fixture }), 'POST /__test__/seed');
      27 |   } finally {
      28 |     await api.dispose();

        at resetAndSeed (/home/daniel/ui-work/202610100208/gated-chain1/e2e/support/seed.ts:25:20)
        at /home/daniel/ui-work/202610100208/gated-chain1/e2e/specs/cp33_client_statement.spec.ts:8:5


[1A[2K[42/82] [chromium] › cp34_project_status.spec.ts:7:7 › project status › shows a project's status
[1A[2K  23) [chromium] › cp34_project_status.spec.ts:7:7 › project status › shows a project's status ─────

    Error: apiRequestContext.post: connect ECONNREFUSED 127.0.0.1:3000
    Call log:
      [2m- → POST http://localhost:3000/__test__/reset[22m
    [2m  -   user-agent: Mozilla/5.0 (Windows NT 10.0; Win64; x64) AppleWebKit/537.36 (KHTML, like Gecko) Chrome/130.0.6723.31 Safari/537.36[22m
    [2m  -   accept: */*[22m
    [2m  -   accept-encoding: gzip,deflate,br[22m


       at ../support/seed.ts:25

      23 |   const api = await request.newContext({ baseURL: BASE });
      24 |   try {
    > 25 |     await must(api.post('/__test__/reset'), 'POST /__test__/reset');
         |                    ^
      26 |     await must(api.post('/__test__/seed', { data: fixture }), 'POST /__test__/seed');
      27 |   } finally {
      28 |     await api.dispose();

        at resetAndSeed (/home/daniel/ui-work/202610100208/gated-chain1/e2e/support/seed.ts:25:20)
        at /home/daniel/ui-work/202610100208/gated-chain1/e2e/specs/cp34_project_status.spec.ts:8:5


[1A[2K[43/82] [chromium] › cp34_project_status.spec.ts:17:7 › project status › sets the status when creating a project
[1A[2K  24) [chromium] › cp34_project_status.spec.ts:17:7 › project status › sets the status when creating a project 

    Error: apiRequestContext.post: connect ECONNREFUSED 127.0.0.1:3000
    Call log:
      [2m- → POST http://localhost:3000/__test__/reset[22m
    [2m  -   user-agent: Mozilla/5.0 (Windows NT 10.0; Win64; x64) AppleWebKit/537.36 (KHTML, like Gecko) Chrome/130.0.6723.31 Safari/537.36[22m
    [2m  -   accept: */*[22m
    [2m  -   accept-encoding: gzip,deflate,br[22m


       at ../support/seed.ts:25

      23 |   const api = await request.newContext({ baseURL: BASE });
      24 |   try {
    > 25 |     await must(api.post('/__test__/reset'), 'POST /__test__/reset');
         |                    ^
      26 |     await must(api.post('/__test__/seed', { data: fixture }), 'POST /__test__/seed');
      27 |   } finally {
      28 |     await api.dispose();

        at resetAndSeed (/home/daniel/ui-work/202610100208/gated-chain1/e2e/support/seed.ts:25:20)
        at /home/daniel/ui-work/202610100208/gated-chain1/e2e/specs/cp34_project_status.spec.ts:18:5


[1A[2K[44/82] [chromium] › cp35_project_status_filter.spec.ts:6:7 › filter projects by status › shows only projects at the chosen status
[1A[2K  25) [chromium] › cp35_project_status_filter.spec.ts:6:7 › filter projects by status › shows only projects at the chosen status 

    Error: apiRequestContext.post: connect ECONNREFUSED 127.0.0.1:3000
    Call log:
      [2m- → POST http://localhost:3000/__test__/reset[22m
    [2m  -   user-agent: Mozilla/5.0 (Windows NT 10.0; Win64; x64) AppleWebKit/537.36 (KHTML, like Gecko) Chrome/130.0.6723.31 Safari/537.36[22m
    [2m  -   accept: */*[22m
    [2m  -   accept-encoding: gzip,deflate,br[22m


       at ../support/seed.ts:25

      23 |   const api = await request.newContext({ baseURL: BASE });
      24 |   try {
    > 25 |     await must(api.post('/__test__/reset'), 'POST /__test__/reset');
         |                    ^
      26 |     await must(api.post('/__test__/seed', { data: fixture }), 'POST /__test__/seed');
      27 |   } finally {
      28 |     await api.dispose();

        at resetAndSeed (/home/daniel/ui-work/202610100208/gated-chain1/e2e/support/seed.ts:25:20)
        at /home/daniel/ui-work/202610100208/gated-chain1/e2e/specs/cp35_project_status_filter.spec.ts:7:5


[1A[2K[45/82] [chromium] › cp36_client_active_projects_default.spec.ts:7:7 › client active projects by default › shows active projects, with a toggle for the rest
[1A[2K  26) [chromium] › cp36_client_active_projects_default.spec.ts:7:7 › client active projects by default › shows active projects, with a toggle for the rest 

    Error: apiRequestContext.post: connect ECONNREFUSED 127.0.0.1:3000
    Call log:
      [2m- → POST http://localhost:3000/__test__/reset[22m
    [2m  -   user-agent: Mozilla/5.0 (Windows NT 10.0; Win64; x64) AppleWebKit/537.36 (KHTML, like Gecko) Chrome/130.0.6723.31 Safari/537.36[22m
    [2m  -   accept: */*[22m
    [2m  -   accept-encoding: gzip,deflate,br[22m


       at ../support/seed.ts:25

      23 |   const api = await request.newContext({ baseURL: BASE });
      24 |   try {
    > 25 |     await must(api.post('/__test__/reset'), 'POST /__test__/reset');
         |                    ^
      26 |     await must(api.post('/__test__/seed', { data: fixture }), 'POST /__test__/seed');
      27 |   } finally {
      28 |     await api.dispose();

        at resetAndSeed (/home/daniel/ui-work/202610100208/gated-chain1/e2e/support/seed.ts:25:20)
        at /home/daniel/ui-work/202610100208/gated-chain1/e2e/specs/cp36_client_active_projects_default.spec.ts:8:5


[1A[2K[46/82] [chromium] › cp37_project_budget.spec.ts:7:7 › project budget › shows budget, invoiced and remaining
[1A[2K  27) [chromium] › cp37_project_budget.spec.ts:7:7 › project budget › shows budget, invoiced and remaining 

    Error: apiRequestContext.post: connect ECONNREFUSED 127.0.0.1:3000
    Call log:
      [2m- → POST http://localhost:3000/__test__/reset[22m
    [2m  -   user-agent: Mozilla/5.0 (Windows NT 10.0; Win64; x64) AppleWebKit/537.36 (KHTML, like Gecko) Chrome/130.0.6723.31 Safari/537.36[22m
    [2m  -   accept: */*[22m
    [2m  -   accept-encoding: gzip,deflate,br[22m


       at ../support/seed.ts:25

      23 |   const api = await request.newContext({ baseURL: BASE });
      24 |   try {
    > 25 |     await must(api.post('/__test__/reset'), 'POST /__test__/reset');
         |                    ^
      26 |     await must(api.post('/__test__/seed', { data: fixture }), 'POST /__test__/seed');
      27 |   } finally {
      28 |     await api.dispose();

        at resetAndSeed (/home/daniel/ui-work/202610100208/gated-chain1/e2e/support/seed.ts:25:20)
        at /home/daniel/ui-work/202610100208/gated-chain1/e2e/specs/cp37_project_budget.spec.ts:8:5


[1A[2K[47/82] [chromium] › cp38_dashboard_overdue.spec.ts:7:7 › dashboard overdue › counts sent invoices past their due date
[1A[2K  28) [chromium] › cp38_dashboard_overdue.spec.ts:7:7 › dashboard overdue › counts sent invoices past their due date 

    Error: apiRequestContext.post: connect ECONNREFUSED 127.0.0.1:3000
    Call log:
      [2m- → POST http://localhost:3000/__test__/reset[22m
    [2m  -   user-agent: Mozilla/5.0 (Windows NT 10.0; Win64; x64) AppleWebKit/537.36 (KHTML, like Gecko) Chrome/130.0.6723.31 Safari/537.36[22m
    [2m  -   accept: */*[22m
    [2m  -   accept-encoding: gzip,deflate,br[22m


       at ../support/seed.ts:25

      23 |   const api = await request.newContext({ baseURL: BASE });
      24 |   try {
    > 25 |     await must(api.post('/__test__/reset'), 'POST /__test__/reset');
         |                    ^
      26 |     await must(api.post('/__test__/seed', { data: fixture }), 'POST /__test__/seed');
      27 |   } finally {
      28 |     await api.dispose();

        at resetAndSeed (/home/daniel/ui-work/202610100208/gated-chain1/e2e/support/seed.ts:25:20)
        at /home/daniel/ui-work/202610100208/gated-chain1/e2e/specs/cp38_dashboard_overdue.spec.ts:8:5


[1A[2K[48/82] [chromium] › cp39_invoice_pagination.spec.ts:6:7 › invoice pagination › pages through the invoice list ten at a time
[1A[2K  29) [chromium] › cp39_invoice_pagination.spec.ts:6:7 › invoice pagination › pages through the invoice list ten at a time 

    Error: apiRequestContext.post: connect ECONNREFUSED 127.0.0.1:3000
    Call log:
      [2m- → POST http://localhost:3000/__test__/reset[22m
    [2m  -   user-agent: Mozilla/5.0 (Windows NT 10.0; Win64; x64) AppleWebKit/537.36 (KHTML, like Gecko) Chrome/130.0.6723.31 Safari/537.36[22m
    [2m  -   accept: */*[22m
    [2m  -   accept-encoding: gzip,deflate,br[22m


       at ../support/seed.ts:25

      23 |   const api = await request.newContext({ baseURL: BASE });
      24 |   try {
    > 25 |     await must(api.post('/__test__/reset'), 'POST /__test__/reset');
         |                    ^
      26 |     await must(api.post('/__test__/seed', { data: fixture }), 'POST /__test__/seed');
      27 |   } finally {
      28 |     await api.dispose();

        at resetAndSeed (/home/daniel/ui-work/202610100208/gated-chain1/e2e/support/seed.ts:25:20)
        at /home/daniel/ui-work/202610100208/gated-chain1/e2e/specs/cp39_invoice_pagination.spec.ts:10:5


[1A[2K[49/82] [chromium] › cp40_thousands_separator.spec.ts:7:7 › thousands separators › shows commas in large amounts in the client currency
[1A[2K  30) [chromium] › cp40_thousands_separator.spec.ts:7:7 › thousands separators › shows commas in large amounts in the client currency 

    Error: apiRequestContext.post: connect ECONNREFUSED 127.0.0.1:3000
    Call log:
      [2m- → POST http://localhost:3000/__test__/reset[22m
    [2m  -   user-agent: Mozilla/5.0 (Windows NT 10.0; Win64; x64) AppleWebKit/537.36 (KHTML, like Gecko) Chrome/130.0.6723.31 Safari/537.36[22m
    [2m  -   accept: */*[22m
    [2m  -   accept-encoding: gzip,deflate,br[22m


       at ../support/seed.ts:25

      23 |   const api = await request.newContext({ baseURL: BASE });
      24 |   try {
    > 25 |     await must(api.post('/__test__/reset'), 'POST /__test__/reset');
         |                    ^
      26 |     await must(api.post('/__test__/seed', { data: fixture }), 'POST /__test__/seed');
      27 |   } finally {
      28 |     await api.dispose();

        at resetAndSeed (/home/daniel/ui-work/202610100208/gated-chain1/e2e/support/seed.ts:25:20)
        at /home/daniel/ui-work/202610100208/gated-chain1/e2e/specs/cp40_thousands_separator.spec.ts:8:5


[1A[2K[50/82] [chromium] › cp41_invoice_cancel_audit.spec.ts:9:7 › cancel invoice › cancelling voids the invoice and records it
[1A[2K  31) [chromium] › cp41_invoice_cancel_audit.spec.ts:9:7 › cancel invoice › cancelling voids the invoice and records it 

    Error: apiRequestContext.post: connect ECONNREFUSED 127.0.0.1:3000
    Call log:
      [2m- → POST http://localhost:3000/__test__/reset[22m
    [2m  -   user-agent: Mozilla/5.0 (Windows NT 10.0; Win64; x64) AppleWebKit/537.36 (KHTML, like Gecko) Chrome/130.0.6723.31 Safari/537.36[22m
    [2m  -   accept: */*[22m
    [2m  -   accept-encoding: gzip,deflate,br[22m


       at ../support/seed.ts:25

      23 |   const api = await request.newContext({ baseURL: BASE });
      24 |   try {
    > 25 |     await must(api.post('/__test__/reset'), 'POST /__test__/reset');
         |                    ^
      26 |     await must(api.post('/__test__/seed', { data: fixture }), 'POST /__test__/seed');
      27 |   } finally {
      28 |     await api.dispose();

        at resetAndSeed (/home/daniel/ui-work/202610100208/gated-chain1/e2e/support/seed.ts:25:20)
        at /home/daniel/ui-work/202610100208/gated-chain1/e2e/specs/cp41_invoice_cancel_audit.spec.ts:10:5


[1A[2K[51/82] [chromium] › cp41_invoice_cancel_audit.spec.ts:24:7 › cancel invoice › a voided invoice is excluded from outstanding
[1A[2K  32) [chromium] › cp41_invoice_cancel_audit.spec.ts:24:7 › cancel invoice › a voided invoice is excluded from outstanding 

    Error: apiRequestContext.post: connect ECONNREFUSED 127.0.0.1:3000
    Call log:
      [2m- → POST http://localhost:3000/__test__/reset[22m
    [2m  -   user-agent: Mozilla/5.0 (Windows NT 10.0; Win64; x64) AppleWebKit/537.36 (KHTML, like Gecko) Chrome/130.0.6723.31 Safari/537.36[22m
    [2m  -   accept: */*[22m
    [2m  -   accept-encoding: gzip,deflate,br[22m


       at ../support/seed.ts:25

      23 |   const api = await request.newContext({ baseURL: BASE });
      24 |   try {
    > 25 |     await must(api.post('/__test__/reset'), 'POST /__test__/reset');
         |                    ^
      26 |     await must(api.post('/__test__/seed', { data: fixture }), 'POST /__test__/seed');
      27 |   } finally {
      28 |     await api.dispose();

        at resetAndSeed (/home/daniel/ui-work/202610100208/gated-chain1/e2e/support/seed.ts:25:20)
        at /home/daniel/ui-work/202610100208/gated-chain1/e2e/specs/cp41_invoice_cancel_audit.spec.ts:25:5


[1A[2K[52/82] [chromium] › cp42_client_primary_contact.spec.ts:6:7 › primary contact › shows and changes the main contact
[1A[2K  33) [chromium] › cp42_client_primary_contact.spec.ts:6:7 › primary contact › shows and changes the main contact 

    Error: apiRequestContext.post: connect ECONNREFUSED 127.0.0.1:3000
    Call log:
      [2m- → POST http://localhost:3000/__test__/reset[22m
    [2m  -   user-agent: Mozilla/5.0 (Windows NT 10.0; Win64; x64) AppleWebKit/537.36 (KHTML, like Gecko) Chrome/130.0.6723.31 Safari/537.36[22m
    [2m  -   accept: */*[22m
    [2m  -   accept-encoding: gzip,deflate,br[22m


       at ../support/seed.ts:25

      23 |   const api = await request.newContext({ baseURL: BASE });
      24 |   try {
    > 25 |     await must(api.post('/__test__/reset'), 'POST /__test__/reset');
         |                    ^
      26 |     await must(api.post('/__test__/seed', { data: fixture }), 'POST /__test__/seed');
      27 |   } finally {
      28 |     await api.dispose();

        at resetAndSeed (/home/daniel/ui-work/202610100208/gated-chain1/e2e/support/seed.ts:25:20)
        at /home/daniel/ui-work/202610100208/gated-chain1/e2e/specs/cp42_client_primary_contact.spec.ts:7:5


[1A[2K[53/82] [chromium] › cp43_global_search.spec.ts:6:7 › global search › finds matching clients and projects
[1A[2K  34) [chromium] › cp43_global_search.spec.ts:6:7 › global search › finds matching clients and projects 

    Error: apiRequestContext.post: connect ECONNREFUSED 127.0.0.1:3000
    Call log:
      [2m- → POST http://localhost:3000/__test__/reset[22m
    [2m  -   user-agent: Mozilla/5.0 (Windows NT 10.0; Win64; x64) AppleWebKit/537.36 (KHTML, like Gecko) Chrome/130.0.6723.31 Safari/537.36[22m
    [2m  -   accept: */*[22m
    [2m  -   accept-encoding: gzip,deflate,br[22m


       at ../support/seed.ts:25

      23 |   const api = await request.newContext({ baseURL: BASE });
      24 |   try {
    > 25 |     await must(api.post('/__test__/reset'), 'POST /__test__/reset');
         |                    ^
      26 |     await must(api.post('/__test__/seed', { data: fixture }), 'POST /__test__/seed');
      27 |   } finally {
      28 |     await api.dispose();

        at resetAndSeed (/home/daniel/ui-work/202610100208/gated-chain1/e2e/support/seed.ts:25:20)
        at /home/daniel/ui-work/202610100208/gated-chain1/e2e/specs/cp43_global_search.spec.ts:7:5


[1A[2K[54/82] [chromium] › cp44_client_unique_email.spec.ts:7:7 › client unique email › rejects a duplicate email
[1A[2K  35) [chromium] › cp44_client_unique_email.spec.ts:7:7 › client unique email › rejects a duplicate email 

    Error: apiRequestContext.post: connect ECONNREFUSED 127.0.0.1:3000
    Call log:
      [2m- → POST http://localhost:3000/__test__/reset[22m
    [2m  -   user-agent: Mozilla/5.0 (Windows NT 10.0; Win64; x64) AppleWebKit/537.36 (KHTML, like Gecko) Chrome/130.0.6723.31 Safari/537.36[22m
    [2m  -   accept: */*[22m
    [2m  -   accept-encoding: gzip,deflate,br[22m


       at ../support/seed.ts:25

      23 |   const api = await request.newContext({ baseURL: BASE });
      24 |   try {
    > 25 |     await must(api.post('/__test__/reset'), 'POST /__test__/reset');
         |                    ^
      26 |     await must(api.post('/__test__/seed', { data: fixture }), 'POST /__test__/seed');
      27 |   } finally {
      28 |     await api.dispose();

        at resetAndSeed (/home/daniel/ui-work/202610100208/gated-chain1/e2e/support/seed.ts:25:20)
        at /home/daniel/ui-work/202610100208/gated-chain1/e2e/specs/cp44_client_unique_email.spec.ts:8:5


[1A[2K[55/82] [chromium] › cp45_client_edit.spec.ts:6:7 › edit client › updates a client name and email
[1A[2K  36) [chromium] › cp45_client_edit.spec.ts:6:7 › edit client › updates a client name and email ────

    Error: apiRequestContext.post: connect ECONNREFUSED 127.0.0.1:3000
    Call log:
      [2m- → POST http://localhost:3000/__test__/reset[22m
    [2m  -   user-agent: Mozilla/5.0 (Windows NT 10.0; Win64; x64) AppleWebKit/537.36 (KHTML, like Gecko) Chrome/130.0.6723.31 Safari/537.36[22m
    [2m  -   accept: */*[22m
    [2m  -   accept-encoding: gzip,deflate,br[22m


       at ../support/seed.ts:25

      23 |   const api = await request.newContext({ baseURL: BASE });
      24 |   try {
    > 25 |     await must(api.post('/__test__/reset'), 'POST /__test__/reset');
         |                    ^
      26 |     await must(api.post('/__test__/seed', { data: fixture }), 'POST /__test__/seed');
      27 |   } finally {
      28 |     await api.dispose();

        at resetAndSeed (/home/daniel/ui-work/202610100208/gated-chain1/e2e/support/seed.ts:25:20)
        at /home/daniel/ui-work/202610100208/gated-chain1/e2e/specs/cp45_client_edit.spec.ts:7:5


[1A[2K[56/82] [chromium] › cp46_line_item_qty_unit.spec.ts:6:7 › line item quantity and unit › shows quantity, unit and per-line amount
[1A[2K  37) [chromium] › cp46_line_item_qty_unit.spec.ts:6:7 › line item quantity and unit › shows quantity, unit and per-line amount 

    Error: apiRequestContext.post: connect ECONNREFUSED 127.0.0.1:3000
    Call log:
      [2m- → POST http://localhost:3000/__test__/reset[22m
    [2m  -   user-agent: Mozilla/5.0 (Windows NT 10.0; Win64; x64) AppleWebKit/537.36 (KHTML, like Gecko) Chrome/130.0.6723.31 Safari/537.36[22m
    [2m  -   accept: */*[22m
    [2m  -   accept-encoding: gzip,deflate,br[22m


       at ../support/seed.ts:25

      23 |   const api = await request.newContext({ baseURL: BASE });
      24 |   try {
    > 25 |     await must(api.post('/__test__/reset'), 'POST /__test__/reset');
         |                    ^
      26 |     await must(api.post('/__test__/seed', { data: fixture }), 'POST /__test__/seed');
      27 |   } finally {
      28 |     await api.dispose();

        at resetAndSeed (/home/daniel/ui-work/202610100208/gated-chain1/e2e/support/seed.ts:25:20)
        at /home/daniel/ui-work/202610100208/gated-chain1/e2e/specs/cp46_line_item_qty_unit.spec.ts:7:5


[1A[2K[57/82] [chromium] › cp47_invoice_discount.spec.ts:7:7 › invoice discount › shows subtotal, discount, tax and final total
[1A[2K  38) [chromium] › cp47_invoice_discount.spec.ts:7:7 › invoice discount › shows subtotal, discount, tax and final total 

    Error: apiRequestContext.post: connect ECONNREFUSED 127.0.0.1:3000
    Call log:
      [2m- → POST http://localhost:3000/__test__/reset[22m
    [2m  -   user-agent: Mozilla/5.0 (Windows NT 10.0; Win64; x64) AppleWebKit/537.36 (KHTML, like Gecko) Chrome/130.0.6723.31 Safari/537.36[22m
    [2m  -   accept: */*[22m
    [2m  -   accept-encoding: gzip,deflate,br[22m


       at ../support/seed.ts:25

      23 |   const api = await request.newContext({ baseURL: BASE });
      24 |   try {
    > 25 |     await must(api.post('/__test__/reset'), 'POST /__test__/reset');
         |                    ^
      26 |     await must(api.post('/__test__/seed', { data: fixture }), 'POST /__test__/seed');
      27 |   } finally {
      28 |     await api.dispose();

        at resetAndSeed (/home/daniel/ui-work/202610100208/gated-chain1/e2e/support/seed.ts:25:20)
        at /home/daniel/ui-work/202610100208/gated-chain1/e2e/specs/cp47_invoice_discount.spec.ts:8:5


[1A[2K[58/82] [chromium] › cp48_discount_everywhere.spec.ts:7:7 › discount everywhere › the outstanding total uses the discounted amount per currency
[1A[2K  39) [chromium] › cp48_discount_everywhere.spec.ts:7:7 › discount everywhere › the outstanding total uses the discounted amount per currency 

    Error: apiRequestContext.post: connect ECONNREFUSED 127.0.0.1:3000
    Call log:
      [2m- → POST http://localhost:3000/__test__/reset[22m
    [2m  -   user-agent: Mozilla/5.0 (Windows NT 10.0; Win64; x64) AppleWebKit/537.36 (KHTML, like Gecko) Chrome/130.0.6723.31 Safari/537.36[22m
    [2m  -   accept: */*[22m
    [2m  -   accept-encoding: gzip,deflate,br[22m


       at ../support/seed.ts:25

      23 |   const api = await request.newContext({ baseURL: BASE });
      24 |   try {
    > 25 |     await must(api.post('/__test__/reset'), 'POST /__test__/reset');
         |                    ^
      26 |     await must(api.post('/__test__/seed', { data: fixture }), 'POST /__test__/seed');
      27 |   } finally {
      28 |     await api.dispose();

        at resetAndSeed (/home/daniel/ui-work/202610100208/gated-chain1/e2e/support/seed.ts:25:20)
        at /home/daniel/ui-work/202610100208/gated-chain1/e2e/specs/cp48_discount_everywhere.spec.ts:8:5


[1A[2K[59/82] [chromium] › cp49_sales_tax.spec.ts:9:7 › sales tax › adds tax after the discount (all lines taxable, no levy)
[1A[2K  40) [chromium] › cp49_sales_tax.spec.ts:9:7 › sales tax › adds tax after the discount (all lines taxable, no levy) 

    Error: apiRequestContext.post: connect ECONNREFUSED 127.0.0.1:3000
    Call log:
      [2m- → POST http://localhost:3000/__test__/reset[22m
    [2m  -   user-agent: Mozilla/5.0 (Windows NT 10.0; Win64; x64) AppleWebKit/537.36 (KHTML, like Gecko) Chrome/130.0.6723.31 Safari/537.36[22m
    [2m  -   accept: */*[22m
    [2m  -   accept-encoding: gzip,deflate,br[22m


       at ../support/seed.ts:25

      23 |   const api = await request.newContext({ baseURL: BASE });
      24 |   try {
    > 25 |     await must(api.post('/__test__/reset'), 'POST /__test__/reset');
         |                    ^
      26 |     await must(api.post('/__test__/seed', { data: fixture }), 'POST /__test__/seed');
      27 |   } finally {
      28 |     await api.dispose();

        at resetAndSeed (/home/daniel/ui-work/202610100208/gated-chain1/e2e/support/seed.ts:25:20)
        at /home/daniel/ui-work/202610100208/gated-chain1/e2e/specs/cp49_sales_tax.spec.ts:10:5


[1A[2K[60/82] [chromium] › cp49_sales_tax.spec.ts:28:7 › sales tax › excludes tax-free lines from the tax base
[1A[2K  41) [chromium] › cp49_sales_tax.spec.ts:28:7 › sales tax › excludes tax-free lines from the tax base 

    Error: apiRequestContext.post: connect ECONNREFUSED 127.0.0.1:3000
    Call log:
      [2m- → POST http://localhost:3000/__test__/reset[22m
    [2m  -   user-agent: Mozilla/5.0 (Windows NT 10.0; Win64; x64) AppleWebKit/537.36 (KHTML, like Gecko) Chrome/130.0.6723.31 Safari/537.36[22m
    [2m  -   accept: */*[22m
    [2m  -   accept-encoding: gzip,deflate,br[22m


       at ../support/seed.ts:25

      23 |   const api = await request.newContext({ baseURL: BASE });
      24 |   try {
    > 25 |     await must(api.post('/__test__/reset'), 'POST /__test__/reset');
         |                    ^
      26 |     await must(api.post('/__test__/seed', { data: fixture }), 'POST /__test__/seed');
      27 |   } finally {
      28 |     await api.dispose();

        at resetAndSeed (/home/daniel/ui-work/202610100208/gated-chain1/e2e/support/seed.ts:25:20)
        at /home/daniel/ui-work/202610100208/gated-chain1/e2e/specs/cp49_sales_tax.spec.ts:29:5


[1A[2K[61/82] [chromium] › cp49_sales_tax.spec.ts:52:7 › sales tax › adds a levy on top when one applies
[1A[2K  42) [chromium] › cp49_sales_tax.spec.ts:52:7 › sales tax › adds a levy on top when one applies ───

    Error: apiRequestContext.post: connect ECONNREFUSED 127.0.0.1:3000
    Call log:
      [2m- → POST http://localhost:3000/__test__/reset[22m
    [2m  -   user-agent: Mozilla/5.0 (Windows NT 10.0; Win64; x64) AppleWebKit/537.36 (KHTML, like Gecko) Chrome/130.0.6723.31 Safari/537.36[22m
    [2m  -   accept: */*[22m
    [2m  -   accept-encoding: gzip,deflate,br[22m


       at ../support/seed.ts:25

      23 |   const api = await request.newContext({ baseURL: BASE });
      24 |   try {
    > 25 |     await must(api.post('/__test__/reset'), 'POST /__test__/reset');
         |                    ^
      26 |     await must(api.post('/__test__/seed', { data: fixture }), 'POST /__test__/seed');
      27 |   } finally {
      28 |     await api.dispose();

        at resetAndSeed (/home/daniel/ui-work/202610100208/gated-chain1/e2e/support/seed.ts:25:20)
        at /home/daniel/ui-work/202610100208/gated-chain1/e2e/specs/cp49_sales_tax.spec.ts:53:5


[1A[2K[62/82] [chromium] › cp50_combined_filter.spec.ts:6:7 › combined project filter › shows active projects with the chosen label
[1A[2K  43) [chromium] › cp50_combined_filter.spec.ts:6:7 › combined project filter › shows active projects with the chosen label 

    Error: apiRequestContext.post: connect ECONNREFUSED 127.0.0.1:3000
    Call log:
      [2m- → POST http://localhost:3000/__test__/reset[22m
    [2m  -   user-agent: Mozilla/5.0 (Windows NT 10.0; Win64; x64) AppleWebKit/537.36 (KHTML, like Gecko) Chrome/130.0.6723.31 Safari/537.36[22m
    [2m  -   accept: */*[22m
    [2m  -   accept-encoding: gzip,deflate,br[22m


       at ../support/seed.ts:25

      23 |   const api = await request.newContext({ baseURL: BASE });
      24 |   try {
    > 25 |     await must(api.post('/__test__/reset'), 'POST /__test__/reset');
         |                    ^
      26 |     await must(api.post('/__test__/seed', { data: fixture }), 'POST /__test__/seed');
      27 |   } finally {
      28 |     await api.dispose();

        at resetAndSeed (/home/daniel/ui-work/202610100208/gated-chain1/e2e/support/seed.ts:25:20)
        at /home/daniel/ui-work/202610100208/gated-chain1/e2e/specs/cp50_combined_filter.spec.ts:7:5


[1A[2K[63/82] [chromium] › cp51_client_sort.spec.ts:6:7 › client sort › sorts clients by outstanding amount
[1A[2K  44) [chromium] › cp51_client_sort.spec.ts:6:7 › client sort › sorts clients by outstanding amount 

    Error: apiRequestContext.post: connect ECONNREFUSED 127.0.0.1:3000
    Call log:
      [2m- → POST http://localhost:3000/__test__/reset[22m
    [2m  -   user-agent: Mozilla/5.0 (Windows NT 10.0; Win64; x64) AppleWebKit/537.36 (KHTML, like Gecko) Chrome/130.0.6723.31 Safari/537.36[22m
    [2m  -   accept: */*[22m
    [2m  -   accept-encoding: gzip,deflate,br[22m


       at ../support/seed.ts:25

      23 |   const api = await request.newContext({ baseURL: BASE });
      24 |   try {
    > 25 |     await must(api.post('/__test__/reset'), 'POST /__test__/reset');
         |                    ^
      26 |     await must(api.post('/__test__/seed', { data: fixture }), 'POST /__test__/seed');
      27 |   } finally {
      28 |     await api.dispose();

        at resetAndSeed (/home/daniel/ui-work/202610100208/gated-chain1/e2e/support/seed.ts:25:20)
        at /home/daniel/ui-work/202610100208/gated-chain1/e2e/specs/cp51_client_sort.spec.ts:7:5


[1A[2K[64/82] [chromium] › cp52_project_to_job_rename.spec.ts:10:7 › projects relabelled to jobs › the section reads "job" while its testids stay unchanged
[1A[2K  45) [chromium] › cp52_project_to_job_rename.spec.ts:10:7 › projects relabelled to jobs › the section reads "job" while its testids stay unchanged 

    Error: apiRequestContext.post: connect ECONNREFUSED 127.0.0.1:3000
    Call log:
      [2m- → POST http://localhost:3000/__test__/reset[22m
    [2m  -   user-agent: Mozilla/5.0 (Windows NT 10.0; Win64; x64) AppleWebKit/537.36 (KHTML, like Gecko) Chrome/130.0.6723.31 Safari/537.36[22m
    [2m  -   accept: */*[22m
    [2m  -   accept-encoding: gzip,deflate,br[22m


       at ../support/seed.ts:25

      23 |   const api = await request.newContext({ baseURL: BASE });
      24 |   try {
    > 25 |     await must(api.post('/__test__/reset'), 'POST /__test__/reset');
         |                    ^
      26 |     await must(api.post('/__test__/seed', { data: fixture }), 'POST /__test__/seed');
      27 |   } finally {
      28 |     await api.dispose();

        at resetAndSeed (/home/daniel/ui-work/202610100208/gated-chain1/e2e/support/seed.ts:25:20)
        at /home/daniel/ui-work/202610100208/gated-chain1/e2e/specs/cp52_project_to_job_rename.spec.ts:11:5


[1A[2K[65/82] [chromium] › cp53_job_code.spec.ts:6:7 › job code › shows a job code
[1A[2K  46) [chromium] › cp53_job_code.spec.ts:6:7 › job code › shows a job code ─────────────────────────

    Error: apiRequestContext.post: connect ECONNREFUSED 127.0.0.1:3000
    Call log:
      [2m- → POST http://localhost:3000/__test__/reset[22m
    [2m  -   user-agent: Mozilla/5.0 (Windows NT 10.0; Win64; x64) AppleWebKit/537.36 (KHTML, like Gecko) Chrome/130.0.6723.31 Safari/537.36[22m
    [2m  -   accept: */*[22m
    [2m  -   accept-encoding: gzip,deflate,br[22m


       at ../support/seed.ts:25

      23 |   const api = await request.newContext({ baseURL: BASE });
      24 |   try {
    > 25 |     await must(api.post('/__test__/reset'), 'POST /__test__/reset');
         |                    ^
      26 |     await must(api.post('/__test__/seed', { data: fixture }), 'POST /__test__/seed');
      27 |   } finally {
      28 |     await api.dispose();

        at resetAndSeed (/home/daniel/ui-work/202610100208/gated-chain1/e2e/support/seed.ts:25:20)
        at /home/daniel/ui-work/202610100208/gated-chain1/e2e/specs/cp53_job_code.spec.ts:7:5


[1A[2K[66/82] [chromium] › cp53_job_code.spec.ts:16:7 › job code › rejects a duplicate code
[1A[2K  47) [chromium] › cp53_job_code.spec.ts:16:7 › job code › rejects a duplicate code ────────────────

    Error: apiRequestContext.post: connect ECONNREFUSED 127.0.0.1:3000
    Call log:
      [2m- → POST http://localhost:3000/__test__/reset[22m
    [2m  -   user-agent: Mozilla/5.0 (Windows NT 10.0; Win64; x64) AppleWebKit/537.36 (KHTML, like Gecko) Chrome/130.0.6723.31 Safari/537.36[22m
    [2m  -   accept: */*[22m
    [2m  -   accept-encoding: gzip,deflate,br[22m


       at ../support/seed.ts:25

      23 |   const api = await request.newContext({ baseURL: BASE });
      24 |   try {
    > 25 |     await must(api.post('/__test__/reset'), 'POST /__test__/reset');
         |                    ^
      26 |     await must(api.post('/__test__/seed', { data: fixture }), 'POST /__test__/seed');
      27 |   } finally {
      28 |     await api.dispose();

        at resetAndSeed (/home/daniel/ui-work/202610100208/gated-chain1/e2e/support/seed.ts:25:20)
        at /home/daniel/ui-work/202610100208/gated-chain1/e2e/specs/cp53_job_code.spec.ts:17:5


[1A[2K[67/82] [chromium] › cp54_invoice_notes.spec.ts:6:7 › invoice notes › shows and adds notes on an invoice
[1A[2K  48) [chromium] › cp54_invoice_notes.spec.ts:6:7 › invoice notes › shows and adds notes on an invoice 

    Error: apiRequestContext.post: connect ECONNREFUSED 127.0.0.1:3000
    Call log:
      [2m- → POST http://localhost:3000/__test__/reset[22m
    [2m  -   user-agent: Mozilla/5.0 (Windows NT 10.0; Win64; x64) AppleWebKit/537.36 (KHTML, like Gecko) Chrome/130.0.6723.31 Safari/537.36[22m
    [2m  -   accept: */*[22m
    [2m  -   accept-encoding: gzip,deflate,br[22m


       at ../support/seed.ts:25

      23 |   const api = await request.newContext({ baseURL: BASE });
      24 |   try {
    > 25 |     await must(api.post('/__test__/reset'), 'POST /__test__/reset');
         |                    ^
      26 |     await must(api.post('/__test__/seed', { data: fixture }), 'POST /__test__/seed');
      27 |   } finally {
      28 |     await api.dispose();

        at resetAndSeed (/home/daniel/ui-work/202610100208/gated-chain1/e2e/support/seed.ts:25:20)
        at /home/daniel/ui-work/202610100208/gated-chain1/e2e/specs/cp54_invoice_notes.spec.ts:7:5


[1A[2K[68/82] [chromium] › cp55_dashboard_top_clients.spec.ts:7:7 › dashboard top clients › ranks clients by outstanding, shown in their currency
[1A[2K  49) [chromium] › cp55_dashboard_top_clients.spec.ts:7:7 › dashboard top clients › ranks clients by outstanding, shown in their currency 

    Error: apiRequestContext.post: connect ECONNREFUSED 127.0.0.1:3000
    Call log:
      [2m- → POST http://localhost:3000/__test__/reset[22m
    [2m  -   user-agent: Mozilla/5.0 (Windows NT 10.0; Win64; x64) AppleWebKit/537.36 (KHTML, like Gecko) Chrome/130.0.6723.31 Safari/537.36[22m
    [2m  -   accept: */*[22m
    [2m  -   accept-encoding: gzip,deflate,br[22m


       at ../support/seed.ts:25

      23 |   const api = await request.newContext({ baseURL: BASE });
      24 |   try {
    > 25 |     await must(api.post('/__test__/reset'), 'POST /__test__/reset');
         |                    ^
      26 |     await must(api.post('/__test__/seed', { data: fixture }), 'POST /__test__/seed');
      27 |   } finally {
      28 |     await api.dispose();

        at resetAndSeed (/home/daniel/ui-work/202610100208/gated-chain1/e2e/support/seed.ts:25:20)
        at /home/daniel/ui-work/202610100208/gated-chain1/e2e/specs/cp55_dashboard_top_clients.spec.ts:8:5


[1A[2K[69/82] [chromium] › cp56_payment_allocation.spec.ts:9:7 › payment allocation › splits one payment across two invoices
[1A[2K  50) [chromium] › cp56_payment_allocation.spec.ts:9:7 › payment allocation › splits one payment across two invoices 

    Error: apiRequestContext.post: connect ECONNREFUSED 127.0.0.1:3000
    Call log:
      [2m- → POST http://localhost:3000/__test__/reset[22m
    [2m  -   user-agent: Mozilla/5.0 (Windows NT 10.0; Win64; x64) AppleWebKit/537.36 (KHTML, like Gecko) Chrome/130.0.6723.31 Safari/537.36[22m
    [2m  -   accept: */*[22m
    [2m  -   accept-encoding: gzip,deflate,br[22m


       at ../support/seed.ts:25

      23 |   const api = await request.newContext({ baseURL: BASE });
      24 |   try {
    > 25 |     await must(api.post('/__test__/reset'), 'POST /__test__/reset');
         |                    ^
      26 |     await must(api.post('/__test__/seed', { data: fixture }), 'POST /__test__/seed');
      27 |   } finally {
      28 |     await api.dispose();

        at resetAndSeed (/home/daniel/ui-work/202610100208/gated-chain1/e2e/support/seed.ts:25:20)
        at /home/daniel/ui-work/202610100208/gated-chain1/e2e/specs/cp56_payment_allocation.spec.ts:10:5


[1A[2K[70/82] [chromium] › cp57_statement_by_job.spec.ts:7:7 › statement grouped by job › groups invoices by job with subtotals
[1A[2K  51) [chromium] › cp57_statement_by_job.spec.ts:7:7 › statement grouped by job › groups invoices by job with subtotals 

    Error: apiRequestContext.post: connect ECONNREFUSED 127.0.0.1:3000
    Call log:
      [2m- → POST http://localhost:3000/__test__/reset[22m
    [2m  -   user-agent: Mozilla/5.0 (Windows NT 10.0; Win64; x64) AppleWebKit/537.36 (KHTML, like Gecko) Chrome/130.0.6723.31 Safari/537.36[22m
    [2m  -   accept: */*[22m
    [2m  -   accept-encoding: gzip,deflate,br[22m


       at ../support/seed.ts:25

      23 |   const api = await request.newContext({ baseURL: BASE });
      24 |   try {
    > 25 |     await must(api.post('/__test__/reset'), 'POST /__test__/reset');
         |                    ^
      26 |     await must(api.post('/__test__/seed', { data: fixture }), 'POST /__test__/seed');
      27 |   } finally {
      28 |     await api.dispose();

        at resetAndSeed (/home/daniel/ui-work/202610100208/gated-chain1/e2e/support/seed.ts:25:20)
        at /home/daniel/ui-work/202610100208/gated-chain1/e2e/specs/cp57_statement_by_job.spec.ts:8:5


[1A[2K[71/82] [chromium] › cp58_client_restore.spec.ts:7:7 › restore client › restores an archived client
[1A[2K  52) [chromium] › cp58_client_restore.spec.ts:7:7 › restore client › restores an archived client ──

    Error: apiRequestContext.post: connect ECONNREFUSED 127.0.0.1:3000
    Call log:
      [2m- → POST http://localhost:3000/__test__/reset[22m
    [2m  -   user-agent: Mozilla/5.0 (Windows NT 10.0; Win64; x64) AppleWebKit/537.36 (KHTML, like Gecko) Chrome/130.0.6723.31 Safari/537.36[22m
    [2m  -   accept: */*[22m
    [2m  -   accept-encoding: gzip,deflate,br[22m


       at ../support/seed.ts:25

      23 |   const api = await request.newContext({ baseURL: BASE });
      24 |   try {
    > 25 |     await must(api.post('/__test__/reset'), 'POST /__test__/reset');
         |                    ^
      26 |     await must(api.post('/__test__/seed', { data: fixture }), 'POST /__test__/seed');
      27 |   } finally {
      28 |     await api.dispose();

        at resetAndSeed (/home/daniel/ui-work/202610100208/gated-chain1/e2e/support/seed.ts:25:20)
        at /home/daniel/ui-work/202610100208/gated-chain1/e2e/specs/cp58_client_restore.spec.ts:8:5


[1A[2K[72/82] [chromium] › cp59_statement_printable.spec.ts:6:7 › printable statement › shows a printable statement with a grand total
[1A[2K  53) [chromium] › cp59_statement_printable.spec.ts:6:7 › printable statement › shows a printable statement with a grand total 

    Error: apiRequestContext.post: connect ECONNREFUSED 127.0.0.1:3000
    Call log:
      [2m- → POST http://localhost:3000/__test__/reset[22m
    [2m  -   user-agent: Mozilla/5.0 (Windows NT 10.0; Win64; x64) AppleWebKit/537.36 (KHTML, like Gecko) Chrome/130.0.6723.31 Safari/537.36[22m
    [2m  -   accept: */*[22m
    [2m  -   accept-encoding: gzip,deflate,br[22m


       at ../support/seed.ts:25

      23 |   const api = await request.newContext({ baseURL: BASE });
      24 |   try {
    > 25 |     await must(api.post('/__test__/reset'), 'POST /__test__/reset');
         |                    ^
      26 |     await must(api.post('/__test__/seed', { data: fixture }), 'POST /__test__/seed');
      27 |   } finally {
      28 |     await api.dispose();

        at resetAndSeed (/home/daniel/ui-work/202610100208/gated-chain1/e2e/support/seed.ts:25:20)
        at /home/daniel/ui-work/202610100208/gated-chain1/e2e/specs/cp59_statement_printable.spec.ts:7:5


[1A[2K[73/82] [chromium] › cp60_multi_currency.spec.ts:8:7 › multi currency › sets a client currency and shows their money in it
[1A[2K  54) [chromium] › cp60_multi_currency.spec.ts:8:7 › multi currency › sets a client currency and shows their money in it 

    Error: apiRequestContext.post: connect ECONNREFUSED 127.0.0.1:3000
    Call log:
      [2m- → POST http://localhost:3000/__test__/reset[22m
    [2m  -   user-agent: Mozilla/5.0 (Windows NT 10.0; Win64; x64) AppleWebKit/537.36 (KHTML, like Gecko) Chrome/130.0.6723.31 Safari/537.36[22m
    [2m  -   accept: */*[22m
    [2m  -   accept-encoding: gzip,deflate,br[22m


       at ../support/seed.ts:25

      23 |   const api = await request.newContext({ baseURL: BASE });
      24 |   try {
    > 25 |     await must(api.post('/__test__/reset'), 'POST /__test__/reset');
         |                    ^
      26 |     await must(api.post('/__test__/seed', { data: fixture }), 'POST /__test__/seed');
      27 |   } finally {
      28 |     await api.dispose();

        at resetAndSeed (/home/daniel/ui-work/202610100208/gated-chain1/e2e/support/seed.ts:25:20)
        at /home/daniel/ui-work/202610100208/gated-chain1/e2e/specs/cp60_multi_currency.spec.ts:9:5


[1A[2K[74/82] [chromium] › cp60_multi_currency.spec.ts:27:7 › multi currency › home screen keeps totals separate per currency
[1A[2K  55) [chromium] › cp60_multi_currency.spec.ts:27:7 › multi currency › home screen keeps totals separate per currency 

    Error: apiRequestContext.post: connect ECONNREFUSED 127.0.0.1:3000
    Call log:
      [2m- → POST http://localhost:3000/__test__/reset[22m
    [2m  -   user-agent: Mozilla/5.0 (Windows NT 10.0; Win64; x64) AppleWebKit/537.36 (KHTML, like Gecko) Chrome/130.0.6723.31 Safari/537.36[22m
    [2m  -   accept: */*[22m
    [2m  -   accept-encoding: gzip,deflate,br[22m


       at ../support/seed.ts:25

      23 |   const api = await request.newContext({ baseURL: BASE });
      24 |   try {
    > 25 |     await must(api.post('/__test__/reset'), 'POST /__test__/reset');
         |                    ^
      26 |     await must(api.post('/__test__/seed', { data: fixture }), 'POST /__test__/seed');
      27 |   } finally {
      28 |     await api.dispose();

        at resetAndSeed (/home/daniel/ui-work/202610100208/gated-chain1/e2e/support/seed.ts:25:20)
        at /home/daniel/ui-work/202610100208/gated-chain1/e2e/specs/cp60_multi_currency.spec.ts:28:5


[1A[2K[75/82] [chromium] › cp61_default_tax_rate.spec.ts:9:7 › default tax rate › new invoices start with the default tax rate
[1A[2K  56) [chromium] › cp61_default_tax_rate.spec.ts:9:7 › default tax rate › new invoices start with the default tax rate 

    Error: apiRequestContext.post: connect ECONNREFUSED 127.0.0.1:3000
    Call log:
      [2m- → POST http://localhost:3000/__test__/reset[22m
    [2m  -   user-agent: Mozilla/5.0 (Windows NT 10.0; Win64; x64) AppleWebKit/537.36 (KHTML, like Gecko) Chrome/130.0.6723.31 Safari/537.36[22m
    [2m  -   accept: */*[22m
    [2m  -   accept-encoding: gzip,deflate,br[22m


       at ../support/seed.ts:25

      23 |   const api = await request.newContext({ baseURL: BASE });
      24 |   try {
    > 25 |     await must(api.post('/__test__/reset'), 'POST /__test__/reset');
         |                    ^
      26 |     await must(api.post('/__test__/seed', { data: fixture }), 'POST /__test__/seed');
      27 |   } finally {
      28 |     await api.dispose();

        at resetAndSeed (/home/daniel/ui-work/202610100208/gated-chain1/e2e/support/seed.ts:25:20)
        at /home/daniel/ui-work/202610100208/gated-chain1/e2e/specs/cp61_default_tax_rate.spec.ts:10:5


[1A[2K[76/82] [chromium] › cp62_client_phone.spec.ts:6:7 › client phone › shows a client phone number
[1A[2K  57) [chromium] › cp62_client_phone.spec.ts:6:7 › client phone › shows a client phone number ──────

    Error: apiRequestContext.post: connect ECONNREFUSED 127.0.0.1:3000
    Call log:
      [2m- → POST http://localhost:3000/__test__/reset[22m
    [2m  -   user-agent: Mozilla/5.0 (Windows NT 10.0; Win64; x64) AppleWebKit/537.36 (KHTML, like Gecko) Chrome/130.0.6723.31 Safari/537.36[22m
    [2m  -   accept: */*[22m
    [2m  -   accept-encoding: gzip,deflate,br[22m


       at ../support/seed.ts:25

      23 |   const api = await request.newContext({ baseURL: BASE });
      24 |   try {
    > 25 |     await must(api.post('/__test__/reset'), 'POST /__test__/reset');
         |                    ^
      26 |     await must(api.post('/__test__/seed', { data: fixture }), 'POST /__test__/seed');
      27 |   } finally {
      28 |     await api.dispose();

        at resetAndSeed (/home/daniel/ui-work/202610100208/gated-chain1/e2e/support/seed.ts:25:20)
        at /home/daniel/ui-work/202610100208/gated-chain1/e2e/specs/cp62_client_phone.spec.ts:7:5


[1A[2K[77/82] [chromium] › cp63_line_tax_exempt.spec.ts:9:7 › tax-free line items › shows the tax-free marker and lets a line be marked exempt
[1A[2K  58) [chromium] › cp63_line_tax_exempt.spec.ts:9:7 › tax-free line items › shows the tax-free marker and lets a line be marked exempt 

    Error: apiRequestContext.post: connect ECONNREFUSED 127.0.0.1:3000
    Call log:
      [2m- → POST http://localhost:3000/__test__/reset[22m
    [2m  -   user-agent: Mozilla/5.0 (Windows NT 10.0; Win64; x64) AppleWebKit/537.36 (KHTML, like Gecko) Chrome/130.0.6723.31 Safari/537.36[22m
    [2m  -   accept: */*[22m
    [2m  -   accept-encoding: gzip,deflate,br[22m


       at ../support/seed.ts:25

      23 |   const api = await request.newContext({ baseURL: BASE });
      24 |   try {
    > 25 |     await must(api.post('/__test__/reset'), 'POST /__test__/reset');
         |                    ^
      26 |     await must(api.post('/__test__/seed', { data: fixture }), 'POST /__test__/seed');
      27 |   } finally {
      28 |     await api.dispose();

        at resetAndSeed (/home/daniel/ui-work/202610100208/gated-chain1/e2e/support/seed.ts:25:20)
        at /home/daniel/ui-work/202610100208/gated-chain1/e2e/specs/cp63_line_tax_exempt.spec.ts:10:5


[1A[2K[78/82] [chromium] › cp64_tax_per_taxable_line.spec.ts:10:7 › tax from taxable lines only › excludes tax-free lines from the tax
[1A[2K  59) [chromium] › cp64_tax_per_taxable_line.spec.ts:10:7 › tax from taxable lines only › excludes tax-free lines from the tax 

    Error: apiRequestContext.post: connect ECONNREFUSED 127.0.0.1:3000
    Call log:
      [2m- → POST http://localhost:3000/__test__/reset[22m
    [2m  -   user-agent: Mozilla/5.0 (Windows NT 10.0; Win64; x64) AppleWebKit/537.36 (KHTML, like Gecko) Chrome/130.0.6723.31 Safari/537.36[22m
    [2m  -   accept: */*[22m
    [2m  -   accept-encoding: gzip,deflate,br[22m


       at ../support/seed.ts:25

      23 |   const api = await request.newContext({ baseURL: BASE });
      24 |   try {
    > 25 |     await must(api.post('/__test__/reset'), 'POST /__test__/reset');
         |                    ^
      26 |     await must(api.post('/__test__/seed', { data: fixture }), 'POST /__test__/seed');
      27 |   } finally {
      28 |     await api.dispose();

        at resetAndSeed (/home/daniel/ui-work/202610100208/gated-chain1/e2e/support/seed.ts:25:20)
        at /home/daniel/ui-work/202610100208/gated-chain1/e2e/specs/cp64_tax_per_taxable_line.spec.ts:11:5


[1A[2K[79/82] [chromium] › cp65_tax_summary_line.spec.ts:7:7 › tax summary line › shows the taxable base, the rate label and the tax
[1A[2K  60) [chromium] › cp65_tax_summary_line.spec.ts:7:7 › tax summary line › shows the taxable base, the rate label and the tax 

    Error: apiRequestContext.post: connect ECONNREFUSED 127.0.0.1:3000
    Call log:
      [2m- → POST http://localhost:3000/__test__/reset[22m
    [2m  -   user-agent: Mozilla/5.0 (Windows NT 10.0; Win64; x64) AppleWebKit/537.36 (KHTML, like Gecko) Chrome/130.0.6723.31 Safari/537.36[22m
    [2m  -   accept: */*[22m
    [2m  -   accept-encoding: gzip,deflate,br[22m


       at ../support/seed.ts:25

      23 |   const api = await request.newContext({ baseURL: BASE });
      24 |   try {
    > 25 |     await must(api.post('/__test__/reset'), 'POST /__test__/reset');
         |                    ^
      26 |     await must(api.post('/__test__/seed', { data: fixture }), 'POST /__test__/seed');
      27 |   } finally {
      28 |     await api.dispose();

        at resetAndSeed (/home/daniel/ui-work/202610100208/gated-chain1/e2e/support/seed.ts:25:20)
        at /home/daniel/ui-work/202610100208/gated-chain1/e2e/specs/cp65_tax_summary_line.spec.ts:8:5


[1A[2K[80/82] [chromium] › cp66_client_tax_number.spec.ts:7:7 › client tax number › shows the client tax number on the client and the invoice
[1A[2K  61) [chromium] › cp66_client_tax_number.spec.ts:7:7 › client tax number › shows the client tax number on the client and the invoice 

    Error: apiRequestContext.post: connect ECONNREFUSED 127.0.0.1:3000
    Call log:
      [2m- → POST http://localhost:3000/__test__/reset[22m
    [2m  -   user-agent: Mozilla/5.0 (Windows NT 10.0; Win64; x64) AppleWebKit/537.36 (KHTML, like Gecko) Chrome/130.0.6723.31 Safari/537.36[22m
    [2m  -   accept: */*[22m
    [2m  -   accept-encoding: gzip,deflate,br[22m


       at ../support/seed.ts:25

      23 |   const api = await request.newContext({ baseURL: BASE });
      24 |   try {
    > 25 |     await must(api.post('/__test__/reset'), 'POST /__test__/reset');
         |                    ^
      26 |     await must(api.post('/__test__/seed', { data: fixture }), 'POST /__test__/seed');
      27 |   } finally {
      28 |     await api.dispose();

        at resetAndSeed (/home/daniel/ui-work/202610100208/gated-chain1/e2e/support/seed.ts:25:20)
        at /home/daniel/ui-work/202610100208/gated-chain1/e2e/specs/cp66_client_tax_number.spec.ts:8:5


[1A[2K[81/82] [chromium] › cp67_job_description.spec.ts:8:7 › job description › shows a job description
[1A[2K  62) [chromium] › cp67_job_description.spec.ts:8:7 › job description › shows a job description ────

    Error: apiRequestContext.post: connect ECONNREFUSED 127.0.0.1:3000
    Call log:
      [2m- → POST http://localhost:3000/__test__/reset[22m
    [2m  -   user-agent: Mozilla/5.0 (Windows NT 10.0; Win64; x64) AppleWebKit/537.36 (KHTML, like Gecko) Chrome/130.0.6723.31 Safari/537.36[22m
    [2m  -   accept: */*[22m
    [2m  -   accept-encoding: gzip,deflate,br[22m


       at ../support/seed.ts:25

      23 |   const api = await request.newContext({ baseURL: BASE });
      24 |   try {
    > 25 |     await must(api.post('/__test__/reset'), 'POST /__test__/reset');
         |                    ^
      26 |     await must(api.post('/__test__/seed', { data: fixture }), 'POST /__test__/seed');
      27 |   } finally {
      28 |     await api.dispose();

        at resetAndSeed (/home/daniel/ui-work/202610100208/gated-chain1/e2e/support/seed.ts:25:20)
        at /home/daniel/ui-work/202610100208/gated-chain1/e2e/specs/cp67_job_description.spec.ts:9:5


[1A[2K[82/82] [chromium] › cp68_second_tax.spec.ts:9:7 › second tax (levy) › adds a levy on top of the sales tax
[1A[2K  63) [chromium] › cp68_second_tax.spec.ts:9:7 › second tax (levy) › adds a levy on top of the sales tax 

    Error: apiRequestContext.post: connect ECONNREFUSED 127.0.0.1:3000
    Call log:
      [2m- → POST http://localhost:3000/__test__/reset[22m
    [2m  -   user-agent: Mozilla/5.0 (Windows NT 10.0; Win64; x64) AppleWebKit/537.36 (KHTML, like Gecko) Chrome/130.0.6723.31 Safari/537.36[22m
    [2m  -   accept: */*[22m
    [2m  -   accept-encoding: gzip,deflate,br[22m


       at ../support/seed.ts:25

      23 |   const api = await request.newContext({ baseURL: BASE });
      24 |   try {
    > 25 |     await must(api.post('/__test__/reset'), 'POST /__test__/reset');
         |                    ^
      26 |     await must(api.post('/__test__/seed', { data: fixture }), 'POST /__test__/seed');
      27 |   } finally {
      28 |     await api.dispose();

        at resetAndSeed (/home/daniel/ui-work/202610100208/gated-chain1/e2e/support/seed.ts:25:20)
        at /home/daniel/ui-work/202610100208/gated-chain1/e2e/specs/cp68_second_tax.spec.ts:10:5


[1A[2K  Slow test file: [chromium] › cp13_invoice_lifecycle.spec.ts (30.6s)
  Consider splitting slow test files to speed up parallel execution
  63 failed
    [chromium] › cp13_invoice_lifecycle.spec.ts:24:7 › invoice lifecycle › a sent invoice becomes paid once a covering payment is recorded 
    [chromium] › cp14_all_invoices.spec.ts:6:7 › all invoices › lists invoices from every project with project and status 
    [chromium] › cp15_invoice_status_filter.spec.ts:6:7 › filter invoices by status › shows only invoices at the chosen stage 
    [chromium] › cp16_client_contacts.spec.ts:6:7 › client contacts › lists a client's contacts ────
    [chromium] › cp16_client_contacts.spec.ts:31:7 › client contacts › adds a contact to a client ──
    [chromium] › cp17_outstanding_sent_only.spec.ts:7:7 › outstanding counts sent invoices only › outstanding is discounted, excludes drafts, and is per currency 
    [chromium] › cp18_contact_email_validation.spec.ts:6:7 › contact email validation › rejects a bad contact email 
    [chromium] › cp19_client_badges.spec.ts:6:7 › client badges › shows project and contact counts ─
    [chromium] › cp20_project_tasks.spec.ts:7:7 › project tasks › lists tasks and lets me tick one off 
    [chromium] › cp21_invoice_line_items.spec.ts:6:7 › invoice line items › invoice amount includes tax on the line-item total 
    [chromium] › cp22_line_items_edit.spec.ts:6:7 › edit line items › removing a line item lowers the total 
    [chromium] › cp23_task_filter.spec.ts:6:7 › filter tasks › shows only open or only done tasks ──
    [chromium] › cp24_project_delete_audit.spec.ts:8:7 › remove a project › removing archives the project and records it 
    [chromium] › cp25_project_archive.spec.ts:8:7 › archive a project › archiving hides the project but keeps it 
    [chromium] › cp26_project_tags.spec.ts:8:7 › project tags › shows, adds and removes tags on a project 
    [chromium] › cp27_project_tag_filter.spec.ts:6:7 › filter projects by tag › shows only projects with the chosen tag 
    [chromium] › cp28_project_notes.spec.ts:6:7 › project notes › shows notes newest first and adds a new one on top 
    [chromium] › cp29_client_archive.spec.ts:8:7 › archive a client › archiving hides the client but keeps it 
    [chromium] › cp30_invoice_payments.spec.ts:8:7 › invoice payments › shows and records payments on an invoice 
    [chromium] › cp31_invoice_amount_due.spec.ts:7:7 › invoice amount due › amount due uses the discounted total 
    [chromium] › cp32_invoice_status_derived.spec.ts:9:7 › derived invoice status › a part payment then full payment drive the status 
    [chromium] › cp33_client_statement.spec.ts:7:7 › client statement › the total owed uses discounted amounts in the client currency 
    [chromium] › cp34_project_status.spec.ts:7:7 › project status › shows a project's status ───────
    [chromium] › cp34_project_status.spec.ts:17:7 › project status › sets the status when creating a project 
    [chromium] › cp35_project_status_filter.spec.ts:6:7 › filter projects by status › shows only projects at the chosen status 
    [chromium] › cp36_client_active_projects_default.spec.ts:7:7 › client active projects by default › shows active projects, with a toggle for the rest 
    [chromium] › cp37_project_budget.spec.ts:7:7 › project budget › shows budget, invoiced and remaining 
    [chromium] › cp38_dashboard_overdue.spec.ts:7:7 › dashboard overdue › counts sent invoices past their due date 
    [chromium] › cp39_invoice_pagination.spec.ts:6:7 › invoice pagination › pages through the invoice list ten at a time 
    [chromium] › cp40_thousands_separator.spec.ts:7:7 › thousands separators › shows commas in large amounts in the client currency 
    [chromium] › cp41_invoice_cancel_audit.spec.ts:9:7 › cancel invoice › cancelling voids the invoice and records it 
    [chromium] › cp41_invoice_cancel_audit.spec.ts:24:7 › cancel invoice › a voided invoice is excluded from outstanding 
    [chromium] › cp42_client_primary_contact.spec.ts:6:7 › primary contact › shows and changes the main contact 
    [chromium] › cp43_global_search.spec.ts:6:7 › global search › finds matching clients and projects 
    [chromium] › cp44_client_unique_email.spec.ts:7:7 › client unique email › rejects a duplicate email 
    [chromium] › cp45_client_edit.spec.ts:6:7 › edit client › updates a client name and email ──────
    [chromium] › cp46_line_item_qty_unit.spec.ts:6:7 › line item quantity and unit › shows quantity, unit and per-line amount 
    [chromium] › cp47_invoice_discount.spec.ts:7:7 › invoice discount › shows subtotal, discount, tax and final total 
    [chromium] › cp48_discount_everywhere.spec.ts:7:7 › discount everywhere › the outstanding total uses the discounted amount per currency 
    [chromium] › cp49_sales_tax.spec.ts:9:7 › sales tax › adds tax after the discount (all lines taxable, no levy) 
    [chromium] › cp49_sales_tax.spec.ts:28:7 › sales tax › excludes tax-free lines from the tax base 
    [chromium] › cp49_sales_tax.spec.ts:52:7 › sales tax › adds a levy on top when one applies ─────
    [chromium] › cp50_combined_filter.spec.ts:6:7 › combined project filter › shows active projects with the chosen label 
    [chromium] › cp51_client_sort.spec.ts:6:7 › client sort › sorts clients by outstanding amount ──
    [chromium] › cp52_project_to_job_rename.spec.ts:10:7 › projects relabelled to jobs › the section reads "job" while its testids stay unchanged 
    [chromium] › cp53_job_code.spec.ts:6:7 › job code › shows a job code ───────────────────────────
    [chromium] › cp53_job_code.spec.ts:16:7 › job code › rejects a duplicate code ──────────────────
    [chromium] › cp54_invoice_notes.spec.ts:6:7 › invoice notes › shows and adds notes on an invoice 
    [chromium] › cp55_dashboard_top_clients.spec.ts:7:7 › dashboard top clients › ranks clients by outstanding, shown in their currency 
    [chromium] › cp56_payment_allocation.spec.ts:9:7 › payment allocation › splits one payment across two invoices 
    [chromium] › cp57_statement_by_job.spec.ts:7:7 › statement grouped by job › groups invoices by job with subtotals 
    [chromium] › cp58_client_restore.spec.ts:7:7 › restore client › restores an archived client ────
    [chromium] › cp59_statement_printable.spec.ts:6:7 › printable statement › shows a printable statement with a grand total 
    [chromium] › cp60_multi_currency.spec.ts:8:7 › multi currency › sets a client currency and shows their money in it 
    [chromium] › cp60_multi_currency.spec.ts:27:7 › multi currency › home screen keeps totals separate per currency 
    [chromium] › cp61_default_tax_rate.spec.ts:9:7 › default tax rate › new invoices start with the default tax rate 
    [chromium] › cp62_client_phone.spec.ts:6:7 › client phone › shows a client phone number ────────
    [chromium] › cp63_line_tax_exempt.spec.ts:9:7 › tax-free line items › shows the tax-free marker and lets a line be marked exempt 
    [chromium] › cp64_tax_per_taxable_line.spec.ts:10:7 › tax from taxable lines only › excludes tax-free lines from the tax 
    [chromium] › cp65_tax_summary_line.spec.ts:7:7 › tax summary line › shows the taxable base, the rate label and the tax 
    [chromium] › cp66_client_tax_number.spec.ts:7:7 › client tax number › shows the client tax number on the client and the invoice 
    [chromium] › cp67_job_description.spec.ts:8:7 › job description › shows a job description ──────
    [chromium] › cp68_second_tax.spec.ts:9:7 › second tax (levy) › adds a levy on top of the sales tax 
  19 passed (1.3m)
