$ bin/build

$ npm ci --silent (cwd e2e)

$ npx playwright install chromium (cwd e2e)

$ npx playwright test --reporter=json --workers=1 --output=/home/daniel/ui-work/202610100208/gated-chain1/.run/pw-artifacts

Running 104 tests using 1 worker

[1A[2K[1/104] [chromium] › cp01_clients.spec.ts:7:7 › clients › lists seeded clients, excluding archived
[1A[2K[2/104] [chromium] › cp01_clients.spec.ts:21:7 › clients › creates a client with a unique email
[1A[2K[3/104] [chromium] › cp02_client_email_validation.spec.ts:7:7 › client email validation › rejects a blank email
[1A[2K[4/104] [chromium] › cp02_client_email_validation.spec.ts:20:7 › client email validation › rejects a malformed email
[1A[2K[5/104] [chromium] › cp02_client_email_validation.spec.ts:33:7 › client email validation › accepts a valid email
[1A[2K[6/104] [chromium] › cp03_projects.spec.ts:7:7 › projects › lists projects with their client name, excluding archived
[1A[2K[7/104] [chromium] › cp03_projects.spec.ts:25:7 › projects › creates a project for a client
[1A[2K[8/104] [chromium] › cp04_project_invoices.spec.ts:8:7 › project invoices › a project shows its invoices and their total
[1A[2K[9/104] [chromium] › cp04_project_invoices.spec.ts:27:7 › project invoices › adding a line item to a new invoice sets its amount
[1A[2K[10/104] [chromium] › cp05_invoice_pay_audit.spec.ts:8:7 › invoice payment › recording a full payment marks the invoice paid
[1A[2K[11/104] [chromium] › cp06_client_search.spec.ts:6:7 › client search › filters clients by name and skips archived matches
[1A[2K[12/104] [chromium] › cp07_client_detail_projects.spec.ts:7:7 › client detail › lists the client's active projects by default
[1A[2K[13/104] [chromium] › cp08_dashboard.spec.ts:7:7 › dashboard › shows counts and per-currency outstanding totals
[1A[2K[14/104] [chromium] › cp09_currency_format.spec.ts:6:7 › currency formatting › invoice amounts and totals show commas
[1A[2K[15/104] [chromium] › cp10_invoice_amount_positive.spec.ts:7:7 › invoice amount validation › rejects a non-positive amount
[1A[2K[16/104] [chromium] › cp10_invoice_amount_positive.spec.ts:24:7 › invoice amount validation › accepts a positive amount
[1A[2K[17/104] [chromium] › cp11_invoice_dates.spec.ts:6:7 › invoice dates › an invoice shows its issue and due dates
[1A[2K[18/104] [chromium] › cp12_invoice_sort_due.spec.ts:6:7 › sort invoices by due date › sorts the invoices earliest due first
[1A[2K[19/104] [chromium] › cp13_invoice_lifecycle.spec.ts:8:7 › invoice lifecycle › sending a draft invoice moves it to sent and records it
[1A[2K[20/104] [chromium] › cp13_invoice_lifecycle.spec.ts:24:7 › invoice lifecycle › a sent invoice becomes paid once a covering payment is recorded
[1A[2K[21/104] [chromium] › cp14_all_invoices.spec.ts:6:7 › all invoices › lists invoices from every project with project and status
[1A[2K[22/104] [chromium] › cp15_invoice_status_filter.spec.ts:6:7 › filter invoices by status › shows only invoices at the chosen stage
[1A[2K[23/104] [chromium] › cp16_client_contacts.spec.ts:6:7 › client contacts › lists a client's contacts
[1A[2K[24/104] [chromium] › cp16_client_contacts.spec.ts:31:7 › client contacts › adds a contact to a client
[1A[2K[25/104] [chromium] › cp17_outstanding_sent_only.spec.ts:7:7 › outstanding counts sent invoices only › outstanding is discounted, excludes drafts, and is per currency
[1A[2K[26/104] [chromium] › cp18_contact_email_validation.spec.ts:6:7 › contact email validation › rejects a bad contact email
[1A[2K[27/104] [chromium] › cp19_client_badges.spec.ts:6:7 › client badges › shows project and contact counts
[1A[2K[28/104] [chromium] › cp20_project_tasks.spec.ts:7:7 › project tasks › lists tasks and lets me tick one off
[1A[2K[29/104] [chromium] › cp21_invoice_line_items.spec.ts:7:7 › invoice line items › invoice amount is the sum of its line items
[1A[2K[30/104] [chromium] › cp21_invoice_line_items.spec.ts:36:7 › invoice line items › adding a line item increases the invoice total
[1A[2K[31/104] [chromium] › cp22_line_items_edit.spec.ts:6:7 › edit line items › removing a line item lowers the total
[1A[2K[32/104] [chromium] › cp23_task_filter.spec.ts:6:7 › filter tasks › shows only open or only done tasks
[1A[2K[33/104] [chromium] › cp24_project_delete_audit.spec.ts:8:7 › remove a project › removing archives the project and records it
[1A[2K[34/104] [chromium] › cp25_project_archive.spec.ts:8:7 › archive a project › archiving hides the project but keeps it
[1A[2K[35/104] [chromium] › cp26_project_tags.spec.ts:8:7 › project tags › shows, adds and removes tags on a project
[1A[2K[36/104] [chromium] › cp27_project_tag_filter.spec.ts:6:7 › filter projects by tag › shows only projects with the chosen tag
[1A[2K[37/104] [chromium] › cp28_project_notes.spec.ts:6:7 › project notes › shows notes newest first and adds a new one on top
[1A[2K[38/104] [chromium] › cp29_client_archive.spec.ts:8:7 › archive a client › archiving hides the client but keeps it
[1A[2K[39/104] [chromium] › cp30_invoice_payments.spec.ts:8:7 › invoice payments › shows and records payments on an invoice
[1A[2K[40/104] [chromium] › cp31_invoice_amount_due.spec.ts:7:7 › invoice amount due › amount due uses the discounted total
[1A[2K  1) [chromium] › cp31_invoice_amount_due.spec.ts:7:7 › invoice amount due › amount due uses the discounted total 

    Error: [31mTimed out 5000ms waiting for [39m[2mexpect([22m[31mlocator[39m[2m).[22mtoHaveText[2m([22m[32mexpected[39m[2m)[22m

    Locator: getByTestId('invoice-row-1').getByTestId('invoice-status')
    Expected string: [32m"PARTIAL"[39m
    Received string: [31m"SENT"[39m
    Call log:
      [2m- expect.toHaveText with timeout 5000ms[22m
    [2m  - waiting for getByTestId('invoice-row-1').getByTestId('invoice-status')[22m
    [2m  -   locator resolved to <td data-testid="invoice-status">SENT</td>[22m
    [2m  -   unexpected value "SENT"[22m
    [2m  -   locator resolved to <td data-testid="invoice-status">SENT</td>[22m
    [2m  -   unexpected value "SENT"[22m
    [2m  -   locator resolved to <td data-testid="invoice-status">SENT</td>[22m
    [2m  -   unexpected value "SENT"[22m
    [2m  -   locator resolved to <td data-testid="invoice-status">SENT</td>[22m
    [2m  -   unexpected value "SENT"[22m
    [2m  -   locator resolved to <td data-testid="invoice-status">SENT</td>[22m
    [2m  -   unexpected value "SENT"[22m
    [2m  -   locator resolved to <td data-testid="invoice-status">SENT</td>[22m
    [2m  -   unexpected value "SENT"[22m
    [2m  -   locator resolved to <td data-testid="invoice-status">SENT</td>[22m
    [2m  -   unexpected value "SENT"[22m
    [2m  -   locator resolved to <td data-testid="invoice-status">SENT</td>[22m
    [2m  -   unexpected value "SENT"[22m
    [2m  -   locator resolved to <td data-testid="invoice-status">SENT</td>[22m
    [2m  -   unexpected value "SENT"[22m


      18 |     // discounted amount 180, minus 40 paid = 140 due.
      19 |     await expect(page.getByTestId('invoice-row-1').getByTestId('invoice-due-amount')).toHaveText('$140.00');
    > 20 |     await expect(page.getByTestId('invoice-row-1').getByTestId('invoice-status')).toHaveText('PARTIAL');
         |                                                                                   ^
      21 |   });
      22 | });
      23 |

        at /home/daniel/ui-work/202610100208/gated-chain1/e2e/specs/cp31_invoice_amount_due.spec.ts:20:83


[1A[2K[41/104] [chromium] › cp32_invoice_status_derived.spec.ts:9:7 › derived invoice status › a part payment then full payment drive the status
[1A[2K[42/104] [chromium] › cp33_client_statement.spec.ts:7:7 › client statement › the total owed uses discounted amounts in the client currency
[1A[2K[43/104] [chromium] › cp34_project_status.spec.ts:7:7 › project status › shows a project's status
[1A[2K[44/104] [chromium] › cp34_project_status.spec.ts:17:7 › project status › sets the status when creating a project
[1A[2K[45/104] [chromium] › cp35_project_status_filter.spec.ts:6:7 › filter projects by status › shows only projects at the chosen status
[1A[2K[46/104] [chromium] › cp36_client_active_projects_default.spec.ts:7:7 › client active projects by default › shows active projects, with a toggle for the rest
[1A[2K[47/104] [chromium] › cp37_project_budget.spec.ts:7:7 › project budget › shows budget, invoiced and remaining
[1A[2K[48/104] [chromium] › cp38_dashboard_overdue.spec.ts:7:7 › dashboard overdue › counts sent invoices past their due date
[1A[2K[49/104] [chromium] › cp39_invoice_pagination.spec.ts:6:7 › invoice pagination › pages through the invoice list ten at a time
[1A[2K[50/104] [chromium] › cp40_thousands_separator.spec.ts:7:7 › thousands separators › shows commas in large amounts in the client currency
[1A[2K[51/104] [chromium] › cp41_invoice_cancel_audit.spec.ts:9:7 › cancel invoice › cancelling voids the invoice and records it
[1A[2K[52/104] [chromium] › cp41_invoice_cancel_audit.spec.ts:24:7 › cancel invoice › a voided invoice is excluded from outstanding
[1A[2K[53/104] [chromium] › cp42_client_primary_contact.spec.ts:6:7 › primary contact › shows and changes the main contact
[1A[2K[54/104] [chromium] › cp43_global_search.spec.ts:6:7 › global search › finds matching clients and projects
[1A[2K[55/104] [chromium] › cp44_client_unique_email.spec.ts:7:7 › client unique email › rejects a duplicate email
[1A[2K[56/104] [chromium] › cp45_client_edit.spec.ts:6:7 › edit client › updates a client name and email
[1A[2K[57/104] [chromium] › cp46_line_item_qty_unit.spec.ts:6:7 › line item quantity and unit › shows quantity, unit and per-line amount
[1A[2K[58/104] [chromium] › cp47_invoice_discount.spec.ts:7:7 › invoice discount › a percentage discount
[1A[2K[59/104] [chromium] › cp47_invoice_discount.spec.ts:22:7 › invoice discount › a fixed-amount discount
[1A[2K[60/104] [chromium] › cp47_invoice_discount.spec.ts:37:7 › invoice discount › several discounts combine
[1A[2K[61/104] [chromium] › cp48_discount_everywhere.spec.ts:8:7 › discount everywhere › a percentage discount flows to outstanding
[1A[2K[62/104] [chromium] › cp48_discount_everywhere.spec.ts:19:7 › discount everywhere › a fixed discount flows to outstanding
[1A[2K[63/104] [chromium] › cp49_sales_tax.spec.ts:8:7 › sales tax › adds tax after the discount (all lines taxable, no levy)
[1A[2K[64/104] [chromium] › cp49_sales_tax.spec.ts:27:7 › sales tax › excludes tax-free lines from the tax base
[1A[2K[65/104] [chromium] › cp49_sales_tax.spec.ts:51:7 › sales tax › adds a levy on top when one applies
[1A[2K[66/104] [chromium] › cp50_combined_filter.spec.ts:6:7 › combined project filter › shows active projects with the chosen label
[1A[2K[67/104] [chromium] › cp51_client_sort.spec.ts:6:7 › client sort › sorts clients by outstanding amount
[1A[2K[68/104] [chromium] › cp52_project_to_job_rename.spec.ts:10:7 › projects relabelled to jobs › the section reads "job" while its testids stay unchanged
[1A[2K[69/104] [chromium] › cp53_job_code.spec.ts:6:7 › job code › shows a job code
[1A[2K[70/104] [chromium] › cp53_job_code.spec.ts:16:7 › job code › rejects a duplicate code
[1A[2K[71/104] [chromium] › cp54_invoice_notes.spec.ts:6:7 › invoice notes › shows and adds notes on an invoice
[1A[2K[72/104] [chromium] › cp55_dashboard_top_clients.spec.ts:7:7 › dashboard top clients › ranks clients by outstanding, shown in their currency
[1A[2K[73/104] [chromium] › cp56_payment_allocation.spec.ts:9:7 › payment allocation › splits one payment across two invoices
[1A[2K[74/104] [chromium] › cp57_statement_by_job.spec.ts:7:7 › statement grouped by job › groups invoices by job with subtotals
[1A[2K[75/104] [chromium] › cp58_client_restore.spec.ts:7:7 › restore client › restores an archived client
[1A[2K[76/104] [chromium] › cp59_statement_printable.spec.ts:6:7 › printable statement › shows a printable statement with a grand total
[1A[2K[77/104] [chromium] › cp60_multi_currency.spec.ts:8:7 › multi currency › sets a client currency and shows their money in it
[1A[2K[78/104] [chromium] › cp60_multi_currency.spec.ts:27:7 › multi currency › home screen keeps totals separate per currency
[1A[2K[79/104] [chromium] › cp61_default_tax_rate.spec.ts:9:7 › default tax rate › new invoices start with the default tax rate
[1A[2K[80/104] [chromium] › cp62_client_phone.spec.ts:6:7 › client phone › shows a client phone number
[1A[2K[81/104] [chromium] › cp63_line_tax_exempt.spec.ts:9:7 › tax-free line items › shows the tax-free marker and lets a line be marked exempt
[1A[2K[82/104] [chromium] › cp64_tax_per_taxable_line.spec.ts:10:7 › tax from taxable lines only › excludes tax-free lines from the tax
[1A[2K[83/104] [chromium] › cp65_tax_summary_line.spec.ts:7:7 › tax summary line › shows the taxable base, the rate label and the tax
[1A[2K[84/104] [chromium] › cp66_client_tax_number.spec.ts:7:7 › client tax number › shows the client tax number on the client and the invoice
[1A[2K[85/104] [chromium] › cp67_job_description.spec.ts:8:7 › job description › shows a job description
[1A[2K[86/104] [chromium] › cp68_second_tax.spec.ts:9:7 › second tax (levy) › adds a levy on top of the sales tax
[1A[2K[87/104] [chromium] › cp69_tax_inclusive_pricing.spec.ts:7:7 › tax-inclusive pricing › backs the tax out of a tax-inclusive price
[1A[2K[88/104] [chromium] › cp70_total_ex_and_inc_tax.spec.ts:6:7 › total before and after tax › shows the ex-tax and inc-tax totals
[1A[2K[89/104] [chromium] › cp71_tax_rounding_per_line.spec.ts:6:7 › tax rounded per line › rounds a taxable line's tax to the cent
[1A[2K[90/104] [chromium] › cp72_round_per_line_then_sum.spec.ts:10:7 › round each line then sum › totals the rounded line amounts
[1A[2K[91/104] [chromium] › cp73_client_billing_address.spec.ts:6:7 › client billing address › shows a client billing address
[1A[2K[92/104] [chromium] › cp74_tax_exempt_client.spec.ts:7:7 › tax-exempt client › charges no tax for a tax-exempt client
[1A[2K[93/104] [chromium] › cp75_effective_tax_rate.spec.ts:7:7 › effective tax rate › shows tax as a percentage of the whole invoice
[1A[2K[94/104] [chromium] › cp76_statement_tax_totals.spec.ts:8:7 › statement tax totals › shows tax per job and overall on the statement
[1A[2K[95/104] [chromium] › cp77_fixed_amount_discount.spec.ts:6:7 › fixed-amount discount › takes a flat amount off the invoice
[1A[2K[96/104] [chromium] › cp78_client_key_account.spec.ts:7:7 › key account flag › marks key accounts
[1A[2K[97/104] [chromium] › cp79_line_discount.spec.ts:6:7 › line discount › shows a line amount after its own discount
[1A[2K[98/104] [chromium] › cp80_discount_pct_or_fixed.spec.ts:8:7 › percentage or fixed discount › a fixed-amount discount comes off before tax
[1A[2K[99/104] [chromium] › cp81_early_payment_discount.spec.ts:7:7 › early-payment discount › shows the reduced early-payment amount
[1A[2K[100/104] [chromium] › cp82_surcharge.spec.ts:6:7 › invoice surcharge › a surcharge adds to the total
[1A[2K[101/104] [chromium] › cp83_task_due_date.spec.ts:6:7 › task due date › shows a task due date
[1A[2K[102/104] [chromium] › cp84_stacked_discounts.spec.ts:8:7 › stacked discounts › shows each discount and the combined total
[1A[2K[103/104] [chromium] › cp85_discount_cap.spec.ts:7:7 › discount cap › caps a percentage discount at the maximum
[1A[2K[104/104] [chromium] › cp86_job_billable_flag.spec.ts:7:7 › job billable flag › shows whether a job is billable
[1A[2K  1 failed
    [chromium] › cp31_invoice_amount_due.spec.ts:7:7 › invoice amount due › amount due uses the discounted total 
  103 passed (55.7s)
